Archive member included to satisfy reference by file (symbol)

e:/stm32cubeide_1.11.0/stm32cubeide/plugins/com.st.stm32cube.ide.mcu.externaltools.gnu-tools-for-stm32.10.3-2021.10.win32_1.0.100.202210260954/tools/bin/../lib/gcc/arm-none-eabi/10.3.1/../../../../arm-none-eabi/lib/thumb/v7e-m+fp/hard\libc_nano.a(lib_a-assert.o)
                              ./Middlewares/Third_Party/OpenAMP/device.o (__assert_func)
e:/stm32cubeide_1.11.0/stm32cubeide/plugins/com.st.stm32cube.ide.mcu.externaltools.gnu-tools-for-stm32.10.3-2021.10.win32_1.0.100.202210260954/tools/bin/../lib/gcc/arm-none-eabi/10.3.1/../../../../arm-none-eabi/lib/thumb/v7e-m+fp/hard\libc_nano.a(lib_a-atoi.o)
                              ./Core/Src/main.o (atoi)
e:/stm32cubeide_1.11.0/stm32cubeide/plugins/com.st.stm32cube.ide.mcu.externaltools.gnu-tools-for-stm32.10.3-2021.10.win32_1.0.100.202210260954/tools/bin/../lib/gcc/arm-none-eabi/10.3.1/../../../../arm-none-eabi/lib/thumb/v7e-m+fp/hard\libc_nano.a(lib_a-errno.o)
                              ./Core/Src/syscalls.o (__errno)
e:/stm32cubeide_1.11.0/stm32cubeide/plugins/com.st.stm32cube.ide.mcu.externaltools.gnu-tools-for-stm32.10.3-2021.10.win32_1.0.100.202210260954/tools/bin/../lib/gcc/arm-none-eabi/10.3.1/../../../../arm-none-eabi/lib/thumb/v7e-m+fp/hard\libc_nano.a(lib_a-exit.o)
                              e:/stm32cubeide_1.11.0/stm32cubeide/plugins/com.st.stm32cube.ide.mcu.externaltools.gnu-tools-for-stm32.10.3-2021.10.win32_1.0.100.202210260954/tools/bin/../lib/gcc/arm-none-eabi/10.3.1/../../../../arm-none-eabi/lib/thumb/v7e-m+fp/hard/crt0.o (exit)
e:/stm32cubeide_1.11.0/stm32cubeide/plugins/com.st.stm32cube.ide.mcu.externaltools.gnu-tools-for-stm32.10.3-2021.10.win32_1.0.100.202210260954/tools/bin/../lib/gcc/arm-none-eabi/10.3.1/../../../../arm-none-eabi/lib/thumb/v7e-m+fp/hard\libc_nano.a(lib_a-fprintf.o)
                              e:/stm32cubeide_1.11.0/stm32cubeide/plugins/com.st.stm32cube.ide.mcu.externaltools.gnu-tools-for-stm32.10.3-2021.10.win32_1.0.100.202210260954/tools/bin/../lib/gcc/arm-none-eabi/10.3.1/../../../../arm-none-eabi/lib/thumb/v7e-m+fp/hard\libc_nano.a(lib_a-assert.o) (fiprintf)
e:/stm32cubeide_1.11.0/stm32cubeide/plugins/com.st.stm32cube.ide.mcu.externaltools.gnu-tools-for-stm32.10.3-2021.10.win32_1.0.100.202210260954/tools/bin/../lib/gcc/arm-none-eabi/10.3.1/../../../../arm-none-eabi/lib/thumb/v7e-m+fp/hard\libc_nano.a(lib_a-impure.o)
                              e:/stm32cubeide_1.11.0/stm32cubeide/plugins/com.st.stm32cube.ide.mcu.externaltools.gnu-tools-for-stm32.10.3-2021.10.win32_1.0.100.202210260954/tools/bin/../lib/gcc/arm-none-eabi/10.3.1/../../../../arm-none-eabi/lib/thumb/v7e-m+fp/hard\libc_nano.a(lib_a-exit.o) (_global_impure_ptr)
e:/stm32cubeide_1.11.0/stm32cubeide/plugins/com.st.stm32cube.ide.mcu.externaltools.gnu-tools-for-stm32.10.3-2021.10.win32_1.0.100.202210260954/tools/bin/../lib/gcc/arm-none-eabi/10.3.1/../../../../arm-none-eabi/lib/thumb/v7e-m+fp/hard\libc_nano.a(lib_a-init.o)
                              e:/stm32cubeide_1.11.0/stm32cubeide/plugins/com.st.stm32cube.ide.mcu.externaltools.gnu-tools-for-stm32.10.3-2021.10.win32_1.0.100.202210260954/tools/bin/../lib/gcc/arm-none-eabi/10.3.1/../../../../arm-none-eabi/lib/thumb/v7e-m+fp/hard/crt0.o (__libc_init_array)
e:/stm32cubeide_1.11.0/stm32cubeide/plugins/com.st.stm32cube.ide.mcu.externaltools.gnu-tools-for-stm32.10.3-2021.10.win32_1.0.100.202210260954/tools/bin/../lib/gcc/arm-none-eabi/10.3.1/../../../../arm-none-eabi/lib/thumb/v7e-m+fp/hard\libc_nano.a(lib_a-malloc.o)
                              ./Middlewares/Third_Party/OpenAMP/remoteproc_virtio.o (malloc)
e:/stm32cubeide_1.11.0/stm32cubeide/plugins/com.st.stm32cube.ide.mcu.externaltools.gnu-tools-for-stm32.10.3-2021.10.win32_1.0.100.202210260954/tools/bin/../lib/gcc/arm-none-eabi/10.3.1/../../../../arm-none-eabi/lib/thumb/v7e-m+fp/hard\libc_nano.a(lib_a-memcpy-stub.o)
                              ./Core/Src/main.o (memcpy)
e:/stm32cubeide_1.11.0/stm32cubeide/plugins/com.st.stm32cube.ide.mcu.externaltools.gnu-tools-for-stm32.10.3-2021.10.win32_1.0.100.202210260954/tools/bin/../lib/gcc/arm-none-eabi/10.3.1/../../../../arm-none-eabi/lib/thumb/v7e-m+fp/hard\libc_nano.a(lib_a-memset.o)
                              e:/stm32cubeide_1.11.0/stm32cubeide/plugins/com.st.stm32cube.ide.mcu.externaltools.gnu-tools-for-stm32.10.3-2021.10.win32_1.0.100.202210260954/tools/bin/../lib/gcc/arm-none-eabi/10.3.1/../../../../arm-none-eabi/lib/thumb/v7e-m+fp/hard/crt0.o (memset)
e:/stm32cubeide_1.11.0/stm32cubeide/plugins/com.st.stm32cube.ide.mcu.externaltools.gnu-tools-for-stm32.10.3-2021.10.win32_1.0.100.202210260954/tools/bin/../lib/gcc/arm-none-eabi/10.3.1/../../../../arm-none-eabi/lib/thumb/v7e-m+fp/hard\libc_nano.a(lib_a-nano-freer.o)
[...]
Memory Configuration

Name             Origin             Length             Attributes
RETRAM_interrupts 0x0000000000000000 0x0000000000000600 xrw
SRAM1_text       0x0000000010000000 0x0000000000020000 xrw
SRAM2_data       0x0000000010020000 0x0000000000020000 xrw
SRAM3_ipc_shm    0x0000000010040000 0x0000000000010000 xrw
SRAM4            0x0000000010050000 0x0000000000010000 xrw
*default*        0x0000000000000000 0xffffffffffffffff

Linker script and memory map

LOAD e:/stm32cubeide_1.11.0/stm32cubeide/plugins/com.st.stm32cube.ide.mcu.externaltools.gnu-tools-for-stm32.10.3-2021.10.win32_1.0.100.202210260954/tools/bin/../lib/gcc/arm-none-eabi/10.3.1/thumb/v7e-m+fp/hard/crti.o
LOAD e:/stm32cubeide_1.11.0/stm32cubeide/plugins/com.st.stm32cube.ide.mcu.externaltools.gnu-tools-for-stm32.10.3-2021.10.win32_1.0.100.202210260954/tools/bin/../lib/gcc/arm-none-eabi/10.3.1/thumb/v7e-m+fp/hard/crtbegin.o
LOAD e:/stm32cubeide_1.11.0/stm32cubeide/plugins/com.st.stm32cube.ide.mcu.externaltools.gnu-tools-for-stm32.10.3-2021.10.win32_1.0.100.202210260954/tools/bin/../lib/gcc/arm-none-eabi/10.3.1/../../../../arm-none-eabi/lib/thumb/v7e-m+fp/hard/crt0.o
LOAD ./Common/System/system_stm32mp1xx.o
LOAD ./Core/Src/dma.o
LOAD ./Core/Src/gpio.o
LOAD ./Core/Src/ipcc.o
LOAD ./Core/Src/main.o
LOAD ./Core/Src/stm32mp1xx_hal_msp.o
LOAD ./Core/Src/stm32mp1xx_it.o
LOAD ./Core/Src/syscalls.o
LOAD ./Core/Src/sysmem.o
LOAD ./Core/Src/tim.o
LOAD ./Core/Startup/startup_stm32mp157dacx.o
LOAD ./Drivers/STM32MP1xx_HAL_Driver/stm32mp1xx_hal.o
LOAD ./Drivers/STM32MP1xx_HAL_Driver/stm32mp1xx_hal_cortex.o
LOAD ./Drivers/STM32MP1xx_HAL_Driver/stm32mp1xx_hal_dma.o
LOAD ./Drivers/STM32MP1xx_HAL_Driver/stm32mp1xx_hal_dma_ex.o
LOAD ./Drivers/STM32MP1xx_HAL_Driver/stm32mp1xx_hal_exti.o
LOAD ./Drivers/STM32MP1xx_HAL_Driver/stm32mp1xx_hal_gpio.o
LOAD ./Drivers/STM32MP1xx_HAL_Driver/stm32mp1xx_hal_hsem.o
LOAD ./Drivers/STM32MP1xx_HAL_Driver/stm32mp1xx_hal_ipcc.o
LOAD ./Drivers/STM32MP1xx_HAL_Driver/stm32mp1xx_hal_mdma.o
LOAD ./Drivers/STM32MP1xx_HAL_Driver/stm32mp1xx_hal_pwr.o
LOAD ./Drivers/STM32MP1xx_HAL_Driver/stm32mp1xx_hal_pwr_ex.o
LOAD ./Drivers/STM32MP1xx_HAL_Driver/stm32mp1xx_hal_rcc.o
LOAD ./Drivers/STM32MP1xx_HAL_Driver/stm32mp1xx_hal_rcc_ex.o
LOAD ./Drivers/STM32MP1xx_HAL_Driver/stm32mp1xx_hal_tim.o
LOAD ./Drivers/STM32MP1xx_HAL_Driver/stm32mp1xx_hal_tim_ex.o
LOAD ./Middlewares/Third_Party/OpenAMP/condition.o
LOAD ./Middlewares/Third_Party/OpenAMP/device.o
LOAD ./Middlewares/Third_Party/OpenAMP/generic_device.o
LOAD ./Middlewares/Third_Party/OpenAMP/generic_init.o
LOAD ./Middlewares/Third_Party/OpenAMP/generic_io.o
LOAD ./Middlewares/Third_Party/OpenAMP/generic_shmem.o
LOAD ./Middlewares/Third_Party/OpenAMP/init.o
LOAD ./Middlewares/Third_Party/OpenAMP/io.o
LOAD ./Middlewares/Third_Party/OpenAMP/log.o
LOAD ./Middlewares/Third_Party/OpenAMP/remoteproc_virtio.o
LOAD ./Middlewares/Third_Party/OpenAMP/rpmsg.o
LOAD ./Middlewares/Third_Party/OpenAMP/rpmsg_virtio.o
LOAD ./Middlewares/Third_Party/OpenAMP/shmem.o
LOAD ./Middlewares/Third_Party/OpenAMP/sys.o
LOAD ./Middlewares/Third_Party/OpenAMP/time.o
LOAD ./Middlewares/Third_Party/OpenAMP/virt_uart.o
LOAD ./Middlewares/Third_Party/OpenAMP/virtio.o
LOAD ./Middlewares/Third_Party/OpenAMP/virtqueue.o
LOAD ./OPENAMP/mbox_ipcc.o
LOAD ./OPENAMP/openamp.o
LOAD ./OPENAMP/openamp_log.o
LOAD ./OPENAMP/rsc_table.o
START GROUP
LOAD e:/stm32cubeide_1.11.0/stm32cubeide/plugins/com.st.stm32cube.ide.mcu.externaltools.gnu-tools-for-stm32.10.3-2021.10.win32_1.0.100.202210260954/tools/bin/../lib/gcc/arm-none-eabi/10.3.1/../../../../arm-none-eabi/lib/thumb/v7e-m+fp/hard\libc_nano.a
LOAD e:/stm32cubeide_1.11.0/stm32cubeide/plugins/com.st.stm32cube.ide.mcu.externaltools.gnu-tools-for-stm32.10.3-2021.10.win32_1.0.100.202210260954/tools/bin/../lib/gcc/arm-none-eabi/10.3.1/../../../../arm-none-eabi/lib/thumb/v7e-m+fp/hard\libm.a
END GROUP
START GROUP
LOAD e:/stm32cubeide_1.11.0/stm32cubeide/plugins/com.st.stm32cube.ide.mcu.externaltools.gnu-tools-for-stm32.10.3-2021.10.win32_1.0.100.202210260954/tools/bin/../lib/gcc/arm-none-eabi/10.3.1/thumb/v7e-m+fp/hard\libgcc.a
LOAD e:/stm32cubeide_1.11.0/stm32cubeide/plugins/com.st.stm32cube.ide.mcu.externaltools.gnu-tools-for-stm32.10.3-2021.10.win32_1.0.100.202210260954/tools/bin/../lib/gcc/arm-none-eabi/10.3.1/../../../../arm-none-eabi/lib/thumb/v7e-m+fp/hard\libc_nano.a
END GROUP
START GROUP
LOAD e:/stm32cubeide_1.11.0/stm32cubeide/plugins/com.st.stm32cube.ide.mcu.externaltools.gnu-tools-for-stm32.10.3-2021.10.win32_1.0.100.202210260954/tools/bin/../lib/gcc/arm-none-eabi/10.3.1/thumb/v7e-m+fp/hard\libgcc.a
LOAD e:/stm32cubeide_1.11.0/stm32cubeide/plugins/com.st.stm32cube.ide.mcu.externaltools.gnu-tools-for-stm32.10.3-2021.10.win32_1.0.100.202210260954/tools/bin/../lib/gcc/arm-none-eabi/10.3.1/../../../../arm-none-eabi/lib/thumb/v7e-m+fp/hard\libc_nano.a
LOAD e:/stm32cubeide_1.11.0/stm32cubeide/plugins/com.st.stm32cube.ide.mcu.externaltools.gnu-tools-for-stm32.10.3-2021.10.win32_1.0.100.202210260954/tools/bin/../lib/gcc/arm-none-eabi/10.3.1/../../../../arm-none-eabi/lib/thumb/v7e-m+fp/hard\libnosys.a
END GROUP
START GROUP
LOAD e:/stm32cubeide_1.11.0/stm32cubeide/plugins/com.st.stm32cube.ide.mcu.externaltools.gnu-tools-for-stm32.10.3-2021.10.win32_1.0.100.202210260954/tools/bin/../lib/gcc/arm-none-eabi/10.3.1/thumb/v7e-m+fp/hard\libgcc.a
LOAD e:/stm32cubeide_1.11.0/stm32cubeide/plugins/com.st.stm32cube.ide.mcu.externaltools.gnu-tools-for-stm32.10.3-2021.10.win32_1.0.100.202210260954/tools/bin/../lib/gcc/arm-none-eabi/10.3.1/../../../../arm-none-eabi/lib/thumb/v7e-m+fp/hard\libc_nano.a
LOAD e:/stm32cubeide_1.11.0/stm32cubeide/plugins/com.st.stm32cube.ide.mcu.externaltools.gnu-tools-for-stm32.10.3-2021.10.win32_1.0.100.202210260954/tools/bin/../lib/gcc/arm-none-eabi/10.3.1/../../../../arm-none-eabi/lib/thumb/v7e-m+fp/hard\libnosys.a
END GROUP
LOAD e:/stm32cubeide_1.11.0/stm32cubeide/plugins/com.st.stm32cube.ide.mcu.externaltools.gnu-tools-for-stm32.10.3-2021.10.win32_1.0.100.202210260954/tools/bin/../lib/gcc/arm-none-eabi/10.3.1/thumb/v7e-m+fp/hard/crtend.o
LOAD e:/stm32cubeide_1.11.0/stm32cubeide/plugins/com.st.stm32cube.ide.mcu.externaltools.gnu-tools-for-stm32.10.3-2021.10.win32_1.0.100.202210260954/tools/bin/../lib/gcc/arm-none-eabi/10.3.1/thumb/v7e-m+fp/hard/crtn.o
                0x0000000010040000                _estack = (ORIGIN (SRAM2_data) + LENGTH (SRAM2_data))
                0x0000000000000200                _Min_Heap_Size = 0x200
                0x0000000000000400                _Min_Stack_Size = 0x400
                0x0000000010040000                __OPENAMP_region_start__ = ORIGIN (SRAM3_ipc_shm)
                0x0000000010050000                __OPENAMP_region_end__ = (ORIGIN (SRAM3_ipc_shm) + LENGTH (SRAM3_ipc_shm))

.isr_vector     0x0000000000000000      0x298
                0x0000000000000000                . = ALIGN (0x4)
 *(.isr_vector)
 .isr_vector    0x0000000000000000      0x298 ./Core/Startup/startup_stm32mp157dacx.o
                0x0000000000000000                g_pfnVectors
                0x0000000000000298                . = ALIGN (0x4)

.text           0x0000000010000000     0xba5c
                0x0000000010000000                . = ALIGN (0x4)
 *(.text)
 .text          0x0000000010000000       0x40 e:/stm32cubeide_1.11.0/stm32cubeide/plugins/com.st.stm32cube.ide.mcu.externaltools.gnu-tools-for-stm32.10.3-2021.10.win32_1.0.100.202210260954/tools/bin/../lib/gcc/arm-none-eabi/10.3.1/thumb/v7e-m+fp/hard/crtbegin.o
 .text          0x0000000010000040       0x14 e:/stm32cubeide_1.11.0/stm32cubeide/plugins/com.st.stm32cube.ide.mcu.externaltools.gnu-tools-for-stm32.10.3-2021.10.win32_1.0.100.202210260954/tools/bin/../lib/gcc/arm-none-eabi/10.3.1/../../../../arm-none-eabi/lib/thumb/v7e-m+fp/hard\libc_nano.a(lib_a-strcmp.o)
                0x0000000010000040                strcmp
 .text          0x0000000010000054       0x10 e:/stm32cubeide_1.11.0/stm32cubeide/plugins/com.st.stm32cube.ide.mcu.externaltools.gnu-tools-for-stm32.10.3-2021.10.win32_1.0.100.202210260954/tools/bin/../lib/gcc/arm-none-eabi/10.3.1/../../../../arm-none-eabi/lib/thumb/v7e-m+fp/hard\libc_nano.a(lib_a-strlen.o)
                0x0000000010000054                strlen
 *fill*         0x0000000010000064        0xc 
 .text          0x0000000010000070       0xa0 e:/stm32cubeide_1.11.0/stm32cubeide/plugins/com.st.stm32cube.ide.mcu.externaltools.gnu-tools-for-stm32.10.3-2021.10.win32_1.0.100.202210260954/tools/bin/../lib/gcc/arm-none-eabi/10.3.1/../../../../arm-none-eabi/lib/thumb/v7e-m+fp/hard\libc_nano.a(lib_a-memchr.o)
                0x0000000010000070                memchr
 .text          0x0000000010000110      0x378 e:/stm32cubeide_1.11.0/stm32cubeide/plugins/com.st.stm32cube.ide.mcu.externaltools.gnu-tools-for-stm32.10.3-2021.10.win32_1.0.100.202210260954/tools/bin/../lib/gcc/arm-none-eabi/10.3.1/thumb/v7e-m+fp/hard\libgcc.a(_arm_addsubdf3.o)
                0x0000000010000110                __aeabi_drsub
                0x0000000010000118                __aeabi_dsub
                0x0000000010000118                __subdf3
                0x000000001000011c                __aeabi_dadd
                0x000000001000011c                __adddf3
                0x0000000010000394                __floatunsidf
                0x0000000010000394                __aeabi_ui2d
                0x00000000100003b4                __floatsidf
                0x00000000100003b4                __aeabi_i2d
                0x00000000100003d8                __aeabi_f2d
                0x00000000100003d8                __extendsfdf2
                0x000000001000041c                __floatundidf
                0x000000001000041c                __aeabi_ul2d
                0x000000001000042c                __floatdidf
                0x000000001000042c                __aeabi_l2d
 .text          0x0000000010000488      0x424 e:/stm32cubeide_1.11.0/stm32cubeide/plugins/com.st.stm32cube.ide.mcu.externaltools.gnu-tools-for-stm32.10.3-2021.10.win32_1.0.100.202210260954/tools/bin/../lib/gcc/arm-none-eabi/10.3.1/thumb/v7e-m+fp/hard\libgcc.a(_arm_muldivdf3.o)
                0x0000000010000488                __aeabi_dmul
                0x0000000010000488                __muldf3
                0x00000000100006dc                __divdf3
                0x00000000100006dc                __aeabi_ddiv
 .text          0x00000000100008ac      0x110 e:/stm32cubeide_1.11.0/stm32cubeide/plugins/com.st.stm32cube.ide.mcu.externaltools.gnu-tools-for-stm32.10.3-2021.10.win32_1.0.100.202210260954/tools/bin/../lib/gcc/arm-none-eabi/10.3.1/thumb/v7e-m+fp/hard\libgcc.a(_arm_cmpdf2.o)
                0x00000000100008ac                __gtdf2
                0x00000000100008ac                __gedf2
                0x00000000100008b4                __ltdf2
                0x00000000100008b4                __ledf2
                0x00000000100008bc                __nedf2
                0x00000000100008bc                __eqdf2
                0x00000000100008bc                __cmpdf2
                0x0000000010000938                __aeabi_cdrcmple
                0x0000000010000948                __aeabi_cdcmpeq
                0x0000000010000948                __aeabi_cdcmple
                0x0000000010000958                __aeabi_dcmpeq
                0x000000001000096c                __aeabi_dcmplt
                0x0000000010000980                __aeabi_dcmple
                0x0000000010000994                __aeabi_dcmpge
                0x00000000100009a8                __aeabi_dcmpgt
 .text          0x00000000100009bc       0x50 e:/stm32cubeide_1.11.0/stm32cubeide/plugins/com.st.stm32cube.ide.mcu.externaltools.gnu-tools-for-stm32.10.3-2021.10.win32_1.0.100.202210260954/tools/bin/../lib/gcc/arm-none-eabi/10.3.1/thumb/v7e-m+fp/hard\libgcc.a(_arm_fixdfsi.o)
                0x00000000100009bc                __aeabi_d2iz
                0x00000000100009bc                __fixdfsi
 .text          0x0000000010000a0c       0xa0 e:/stm32cubeide_1.11.0/stm32cubeide/plugins/com.st.stm32cube.ide.mcu.externaltools.gnu-tools-for-stm32.10.3-2021.10.win32_1.0.100.202210260954/tools/bin/../lib/gcc/arm-none-eabi/10.3.1/thumb/v7e-m+fp/hard\libgcc.a(_arm_truncdfsf2.o)
                0x0000000010000a0c                __truncdfsf2
                0x0000000010000a0c                __aeabi_d2f
 *(.text*)
 .text.SystemInit
                0x0000000010000aac       0x4c ./Common/System/system_stm32mp1xx.o
                0x0000000010000aac                SystemInit
 .text.MX_DMA_Init
                0x0000000010000af8       0x22 ./Core/Src/dma.o
                0x0000000010000af8                MX_DMA_Init
 .text.MX_GPIO_Init
                0x0000000010000b1a       0x2c ./Core/Src/gpio.o
                0x0000000010000b1a                MX_GPIO_Init
 *fill*         0x0000000010000b46        0x2 
 .text.MX_IPCC_Init
                0x0000000010000b48       0x28 ./Core/Src/ipcc.o
                0x0000000010000b48                MX_IPCC_Init
 .text.HAL_IPCC_MspInit
                0x0000000010000b70       0x4c ./Core/Src/ipcc.o
                0x0000000010000b70                HAL_IPCC_MspInit
 .text.HAL_TIM_IC_CaptureCallback
                0x0000000010000bbc       0x6c ./Core/Src/main.o
                0x0000000010000bbc                HAL_TIM_IC_CaptureCallback
 .text.calculate_relative_encoder_value
                0x0000000010000c28       0x32 ./Core/Src/main.o
                0x0000000010000c28                calculate_relative_encoder_value
 *fill*         0x0000000010000c5a        0x6 
 .text.HAL_TIM_PeriodElapsedCallback
                0x0000000010000c60      0x314 ./Core/Src/main.o
                0x0000000010000c60                HAL_TIM_PeriodElapsedCallback
 .text.is_number
                0x0000000010000f74       0x38 ./Core/Src/main.o
                0x0000000010000f74                is_number
 .text.VIRT_UART0_RxCpltCallback
                0x0000000010000fac       0xac ./Core/Src/main.o
                0x0000000010000fac                VIRT_UART0_RxCpltCallback
 .text.main     0x0000000010001058      0x184 ./Core/Src/main.o
                0x0000000010001058                main
 .text.SystemClock_Config
                0x00000000100011dc      0x2ec ./Core/Src/main.o
                0x00000000100011dc                SystemClock_Config
 .text.PeriphCommonClock_Config
                0x00000000100014c8       0x5a ./Core/Src/main.o
                0x00000000100014c8                PeriphCommonClock_Config
 .text.Error_Handler
                0x0000000010001522        0xa ./Core/Src/main.o
                0x0000000010001522                Error_Handler
 .text.HAL_MspInit
                0x000000001000152c       0xac ./Core/Src/stm32mp1xx_hal_msp.o
                0x000000001000152c                HAL_MspInit
 .text.NMI_Handler
                0x00000000100015d8        0x6 ./Core/Src/stm32mp1xx_it.o
                0x00000000100015d8                NMI_Handler
 .text.HardFault_Handler
                0x00000000100015de        0x6 ./Core/Src/stm32mp1xx_it.o
                0x00000000100015de                HardFault_Handler
 .text.MemManage_Handler
                0x00000000100015e4        0x6 ./Core/Src/stm32mp1xx_it.o
                0x00000000100015e4                MemManage_Handler
 .text.BusFault_Handler
                0x00000000100015ea        0x6 ./Core/Src/stm32mp1xx_it.o
                0x00000000100015ea                BusFault_Handler
 .text.UsageFault_Handler
                0x00000000100015f0        0x6 ./Core/Src/stm32mp1xx_it.o
                0x00000000100015f0                UsageFault_Handler
 .text.SVC_Handler
                0x00000000100015f6        0xe ./Core/Src/stm32mp1xx_it.o
                0x00000000100015f6                SVC_Handler
 .text.DebugMon_Handler
                0x0000000010001604        0xe ./Core/Src/stm32mp1xx_it.o
                0x0000000010001604                DebugMon_Handler
 .text.PendSV_Handler
                0x0000000010001612        0xe ./Core/Src/stm32mp1xx_it.o
                0x0000000010001612                PendSV_Handler
 .text.SysTick_Handler
                0x0000000010001620        0xc ./Core/Src/stm32mp1xx_it.o
                0x0000000010001620                SysTick_Handler
 .text.RCC_IRQHandler
                0x000000001000162c        0xe ./Core/Src/stm32mp1xx_it.o
                0x000000001000162c                RCC_IRQHandler
 *fill*         0x000000001000163a        0x2 
 .text.TIM1_BRK_IRQHandler
                0x000000001000163c       0x14 ./Core/Src/stm32mp1xx_it.o
                0x000000001000163c                TIM1_BRK_IRQHandler
 .text.TIM1_UP_IRQHandler
                0x0000000010001650       0x14 ./Core/Src/stm32mp1xx_it.o
                0x0000000010001650                TIM1_UP_IRQHandler
 .text.TIM1_TRG_COM_IRQHandler
                0x0000000010001664       0x14 ./Core/Src/stm32mp1xx_it.o
                0x0000000010001664                TIM1_TRG_COM_IRQHandler
 .text.TIM1_CC_IRQHandler
                0x0000000010001678       0x14 ./Core/Src/stm32mp1xx_it.o
                0x0000000010001678                TIM1_CC_IRQHandler
 .text.TIM2_IRQHandler
                0x000000001000168c       0x14 ./Core/Src/stm32mp1xx_it.o
                0x000000001000168c                TIM2_IRQHandler
 .text.FPU_IRQHandler
                0x00000000100016a0        0xe ./Core/Src/stm32mp1xx_it.o
                0x00000000100016a0                FPU_IRQHandler
 *fill*         0x00000000100016ae        0x2 
 .text.IPCC_RX1_IRQHandler
                0x00000000100016b0       0x14 ./Core/Src/stm32mp1xx_it.o
                0x00000000100016b0                IPCC_RX1_IRQHandler
 .text.IPCC_TX1_IRQHandler
                0x00000000100016c4       0x14 ./Core/Src/stm32mp1xx_it.o
                0x00000000100016c4                IPCC_TX1_IRQHandler
 .text.HSEM_IT2_IRQHandler
                0x00000000100016d8        0xc ./Core/Src/stm32mp1xx_it.o
                0x00000000100016d8                HSEM_IT2_IRQHandler
 .text.MPU_SEV_IRQHandler
                0x00000000100016e4        0xe ./Core/Src/stm32mp1xx_it.o
                0x00000000100016e4                MPU_SEV_IRQHandler
 .text.RCC_WAKEUP_IRQHandler
                0x00000000100016f2        0xc ./Core/Src/stm32mp1xx_it.o
                0x00000000100016f2                RCC_WAKEUP_IRQHandler
 .text._getpid  0x00000000100016fe       0x10 ./Core/Src/syscalls.o
                0x00000000100016fe                _getpid
 .text._kill    0x000000001000170e       0x20 ./Core/Src/syscalls.o
                0x000000001000170e                _kill
 .text._exit    0x000000001000172e       0x14 ./Core/Src/syscalls.o
                0x000000001000172e                _exit
 .text._read    0x0000000010001742       0x3a ./Core/Src/syscalls.o
                0x0000000010001742                _read
 .text._write   0x000000001000177c       0x38 ./Core/Src/syscalls.o
                0x000000001000177c                _write
 .text._close   0x00000000100017b4       0x18 ./Core/Src/syscalls.o
                0x00000000100017b4                _close
 .text._fstat   0x00000000100017cc       0x20 ./Core/Src/syscalls.o
                0x00000000100017cc                _fstat
 .text._isatty  0x00000000100017ec       0x16 ./Core/Src/syscalls.o
                0x00000000100017ec                _isatty
 .text._lseek   0x0000000010001802       0x1a ./Core/Src/syscalls.o
                0x0000000010001802                _lseek
 .text._sbrk    0x000000001000181c       0x6c ./Core/Src/sysmem.o
                0x000000001000181c                _sbrk
 .text.MX_TIM1_Init
                0x0000000010001888       0xf8 ./Core/Src/tim.o
                0x0000000010001888                MX_TIM1_Init
 .text.MX_TIM2_Init
                0x0000000010001980       0x9c ./Core/Src/tim.o
                0x0000000010001980                MX_TIM2_Init
 .text.MX_TIM8_Init
                0x0000000010001a1c      0x128 ./Core/Src/tim.o
                0x0000000010001a1c                MX_TIM8_Init
 .text.HAL_TIM_IC_MspInit
                0x0000000010001b44       0xa4 ./Core/Src/tim.o
                0x0000000010001b44                HAL_TIM_IC_MspInit
 .text.HAL_TIM_Base_MspInit
                0x0000000010001be8       0x34 ./Core/Src/tim.o
                0x0000000010001be8                HAL_TIM_Base_MspInit
 .text.HAL_TIM_PWM_MspInit
                0x0000000010001c1c       0x2c ./Core/Src/tim.o
                0x0000000010001c1c                HAL_TIM_PWM_MspInit
 .text.HAL_TIM_MspPostInit
                0x0000000010001c48       0x5c ./Core/Src/tim.o
                0x0000000010001c48                HAL_TIM_MspPostInit
 .text.Default_Handler
                0x0000000010001ca4        0x2 ./Core/Startup/startup_stm32mp157dacx.o
                0x0000000010001ca4                EXTI2_IRQHandler
                0x0000000010001ca4                TIM8_TRG_COM_IRQHandler
                0x0000000010001ca4                TIM8_CC_IRQHandler
                0x0000000010001ca4                EXTI5_IRQHandler
                0x0000000010001ca4                UART8_IRQHandler
                0x0000000010001ca4                SPI4_IRQHandler
                0x0000000010001ca4                EXTI13_IRQHandler
                0x0000000010001ca4                DMA2_Stream5_IRQHandler
                0x0000000010001ca4                ETH1_WKUP_IRQHandler
                0x0000000010001ca4                TAMP_IRQHandler
                0x0000000010001ca4                DMA1_Stream5_IRQHandler
                0x0000000010001ca4                TIM6_IRQHandler
                0x0000000010001ca4                EXTI12_IRQHandler
                0x0000000010001ca4                EXTI3_IRQHandler
                0x0000000010001ca4                LPTIM4_IRQHandler
                0x0000000010001ca4                EXTI8_IRQHandler
                0x0000000010001ca4                LPTIM2_IRQHandler
                0x0000000010001ca4                DFSDM1_FLT1_IRQHandler
                0x0000000010001ca4                I2C3_ER_IRQHandler
                0x0000000010001ca4                DFSDM1_FLT2_IRQHandler
                0x0000000010001ca4                I2C5_EV_IRQHandler
                0x0000000010001ca4                MDMA_IRQHandler
                0x0000000010001ca4                LPTIM3_IRQHandler
                0x0000000010001ca4                EXTI0_IRQHandler
                0x0000000010001ca4                I2C2_EV_IRQHandler
                0x0000000010001ca4                DMA1_Stream2_IRQHandler
                0x0000000010001ca4                USBH_OHCI_IRQHandler
                0x0000000010001ca4                FDCAN1_IT1_IRQHandler
                0x0000000010001ca4                LTDC_ER_IRQHandler
                0x0000000010001ca4                DMA2_Stream2_IRQHandler
                0x0000000010001ca4                IPCC_RX0_IRQHandler
                0x0000000010001ca4                OTG_IRQHandler
                0x0000000010001ca4                SPI1_IRQHandler
                0x0000000010001ca4                DCMI_IRQHandler
                0x0000000010001ca4                TIM8_UP_IRQHandler
                0x0000000010001ca4                DMA2_Stream3_IRQHandler
                0x0000000010001ca4                USBH_EHCI_IRQHandler
                0x0000000010001ca4                nCTIIRQ2_IRQHandler
                0x0000000010001ca4                HASH1_IRQHandler
                0x0000000010001ca4                GPU_IRQHandler
                0x0000000010001ca4                SAI2_IRQHandler
                0x0000000010001ca4                ADC1_IRQHandler
                0x0000000010001ca4                RESERVED148_IRQHandler
                0x0000000010001ca4                RTC_TIMESTAMP_IRQHandler
                0x0000000010001ca4                DFSDM1_FLT3_IRQHandler
                0x0000000010001ca4                USART6_IRQHandler
                0x0000000010001ca4                EXTI15_IRQHandler
                0x0000000010001ca4                TIM17_IRQHandler
                0x0000000010001ca4                USART3_IRQHandler
                0x0000000010001ca4                EXTI9_IRQHandler
                0x0000000010001ca4                LPTIM5_IRQHandler
                0x0000000010001ca4                UART5_IRQHandler
                0x0000000010001ca4                DMA2_Stream0_IRQHandler
                0x0000000010001ca4                TIM4_IRQHandler
                0x0000000010001ca4                CRYP2_IRQHandler
                0x0000000010001ca4                QUADSPI_IRQHandler
                0x0000000010001ca4                I2C1_EV_IRQHandler
                0x0000000010001ca4                DMA1_Stream6_IRQHandler
                0x0000000010001ca4                RESERVED99_IRQHandler
                0x0000000010001ca4                DMAMUX1_OVR_IRQHandler
                0x0000000010001ca4                DMA1_Stream1_IRQHandler
                0x0000000010001ca4                TIM16_IRQHandler
                0x0000000010001ca4                UART4_IRQHandler
                0x0000000010001ca4                TIM3_IRQHandler
                0x0000000010001ca4                nCTIIRQ1_IRQHandler
                0x0000000010001ca4                Default_Handler
                0x0000000010001ca4                CEC_IRQHandler
                0x0000000010001ca4                DFSDM1_FLT4_IRQHandler
                0x0000000010001ca4                TIM14_IRQHandler
                0x0000000010001ca4                I2C5_ER_IRQHandler
                0x0000000010001ca4                TIM13_IRQHandler
                0x0000000010001ca4                DMA1_Stream7_IRQHandler
                0x0000000010001ca4                IPCC_TX0_IRQHandler
                0x0000000010001ca4                SPI5_IRQHandler
                0x0000000010001ca4                TIM12_IRQHandler
                0x0000000010001ca4                TIM7_IRQHandler
                0x0000000010001ca4                SDMMC1_IRQHandler
                0x0000000010001ca4                TIM5_IRQHandler
                0x0000000010001ca4                DMA2_Stream7_IRQHandler
                0x0000000010001ca4                TIM15_IRQHandler
                0x0000000010001ca4                PVD_AVD_IRQHandler
                0x0000000010001ca4                I2C3_EV_IRQHandler
                0x0000000010001ca4                SDMMC3_IRQHandler
                0x0000000010001ca4                ETH1_IRQHandler
                0x0000000010001ca4                LTDC_IRQHandler
                0x0000000010001ca4                SAI3_IRQHandler
                0x0000000010001ca4                SPDIF_RX_IRQHandler
                0x0000000010001ca4                ADC2_IRQHandler
                0x0000000010001ca4                SPI2_IRQHandler
                0x0000000010001ca4                DFSDM1_FLT5_IRQHandler
                0x0000000010001ca4                DMA1_Stream0_IRQHandler
                0x0000000010001ca4                EXTI14_IRQHandler
                0x0000000010001ca4                EXTI11_IRQHandler
                0x0000000010001ca4                CRYP1_IRQHandler
                0x0000000010001ca4                RNG2_IRQHandler
                0x0000000010001ca4                RNG1_IRQHandler
                0x0000000010001ca4                HASH2_IRQHandler
                0x0000000010001ca4                EXTI4_IRQHandler
                0x0000000010001ca4                ETH1_LPI_IRQHandler
                0x0000000010001ca4                FDCAN2_IT1_IRQHandler
                0x0000000010001ca4                DSI_IRQHandler
                0x0000000010001ca4                SPI6_IRQHandler
                0x0000000010001ca4                MDIOS_IRQHandler
                0x0000000010001ca4                I2C4_EV_IRQHandler
                0x0000000010001ca4                FDCAN2_IT0_IRQHandler
                0x0000000010001ca4                I2C6_ER_IRQHandler
                0x0000000010001ca4                FDCAN1_IT0_IRQHandler
                0x0000000010001ca4                EXTI7_IRQHandler
                0x0000000010001ca4                DAC_IRQHandler
                0x0000000010001ca4                EXTI1_IRQHandler
                0x0000000010001ca4                SDMMC2_IRQHandler
                0x0000000010001ca4                DTS_IRQHandler
                0x0000000010001ca4                UART7_IRQHandler
                0x0000000010001ca4                USART2_IRQHandler
                0x0000000010001ca4                I2C6_EV_IRQHandler
                0x0000000010001ca4                DFSDM1_FLT0_IRQHandler
                0x0000000010001ca4                SAI4_IRQHandler
                0x0000000010001ca4                I2C2_ER_IRQHandler
                0x0000000010001ca4                DMA2_Stream1_IRQHandler
                0x0000000010001ca4                TIM8_BRK_IRQHandler
                0x0000000010001ca4                WWDG1_IRQHandler
                0x0000000010001ca4                DMA2_Stream4_IRQHandler
                0x0000000010001ca4                USART1_IRQHandler
                0x0000000010001ca4                RESERVED143_IRQHandler
                0x0000000010001ca4                EXTI10_IRQHandler
                0x0000000010001ca4                SPI3_IRQHandler
                0x0000000010001ca4                WAKEUP_PIN_IRQHandler
                0x0000000010001ca4                DMA1_Stream4_IRQHandler
                0x0000000010001ca4                I2C1_ER_IRQHandler
                0x0000000010001ca4                FMC_IRQHandler
                0x0000000010001ca4                FDCAN_CAL_IRQHandler
                0x0000000010001ca4                EXTI6_IRQHandler
                0x0000000010001ca4                LPTIM1_IRQHandler
                0x0000000010001ca4                RTC_WKUP_ALARM_IRQHandler
                0x0000000010001ca4                I2C4_ER_IRQHandler
                0x0000000010001ca4                DMA2_Stream6_IRQHandler
                0x0000000010001ca4                SAI1_IRQHandler
                0x0000000010001ca4                DMA1_Stream3_IRQHandler
                0x0000000010001ca4                RESERVED4_IRQHandler
 *fill*         0x0000000010001ca6        0x2 
 .text.HAL_Init
                0x0000000010001ca8       0x34 ./Drivers/STM32MP1xx_HAL_Driver/stm32mp1xx_hal.o
                0x0000000010001ca8                HAL_Init
 .text.HAL_InitTick
                0x0000000010001cdc       0x6c ./Drivers/STM32MP1xx_HAL_Driver/stm32mp1xx_hal.o
                0x0000000010001cdc                HAL_InitTick
 .text.HAL_IncTick
                0x0000000010001d48       0x28 ./Drivers/STM32MP1xx_HAL_Driver/stm32mp1xx_hal.o
                0x0000000010001d48                HAL_IncTick
 .text.HAL_GetTick
                0x0000000010001d70       0x18 ./Drivers/STM32MP1xx_HAL_Driver/stm32mp1xx_hal.o
                0x0000000010001d70                HAL_GetTick
 .text.__NVIC_SetPriorityGrouping
                0x0000000010001d88       0x48 ./Drivers/STM32MP1xx_HAL_Driver/stm32mp1xx_hal_cortex.o
 .text.__NVIC_GetPriorityGrouping
                0x0000000010001dd0       0x1c ./Drivers/STM32MP1xx_HAL_Driver/stm32mp1xx_hal_cortex.o
 .text.__NVIC_EnableIRQ
                0x0000000010001dec       0x3c ./Drivers/STM32MP1xx_HAL_Driver/stm32mp1xx_hal_cortex.o
 .text.__NVIC_SetPriority
                0x0000000010001e28       0x54 ./Drivers/STM32MP1xx_HAL_Driver/stm32mp1xx_hal_cortex.o
 .text.NVIC_EncodePriority
                0x0000000010001e7c       0x66 ./Drivers/STM32MP1xx_HAL_Driver/stm32mp1xx_hal_cortex.o
 *fill*         0x0000000010001ee2        0x2 
 .text.SysTick_Config
                0x0000000010001ee4       0x44 ./Drivers/STM32MP1xx_HAL_Driver/stm32mp1xx_hal_cortex.o
 .text.HAL_NVIC_SetPriorityGrouping
                0x0000000010001f28       0x16 ./Drivers/STM32MP1xx_HAL_Driver/stm32mp1xx_hal_cortex.o
                0x0000000010001f28                HAL_NVIC_SetPriorityGrouping
 .text.HAL_NVIC_SetPriority
                0x0000000010001f3e       0x38 ./Drivers/STM32MP1xx_HAL_Driver/stm32mp1xx_hal_cortex.o
                0x0000000010001f3e                HAL_NVIC_SetPriority
 .text.HAL_NVIC_EnableIRQ
                0x0000000010001f76       0x1c ./Drivers/STM32MP1xx_HAL_Driver/stm32mp1xx_hal_cortex.o
                0x0000000010001f76                HAL_NVIC_EnableIRQ
 .text.HAL_SYSTICK_Config
                0x0000000010001f92       0x18 ./Drivers/STM32MP1xx_HAL_Driver/stm32mp1xx_hal_cortex.o
                0x0000000010001f92                HAL_SYSTICK_Config
 *fill*         0x0000000010001faa        0x2 
 .text.HAL_GPIO_Init
                0x0000000010001fac      0x354 ./Drivers/STM32MP1xx_HAL_Driver/stm32mp1xx_hal_gpio.o
                0x0000000010001fac                HAL_GPIO_Init
 .text.HAL_GPIO_WritePin
                0x0000000010002300       0x32 ./Drivers/STM32MP1xx_HAL_Driver/stm32mp1xx_hal_gpio.o
                0x0000000010002300                HAL_GPIO_WritePin
 *fill*         0x0000000010002332        0x2 
 .text.HAL_HSEM_IRQHandler
                0x0000000010002334       0x34 ./Drivers/STM32MP1xx_HAL_Driver/stm32mp1xx_hal_hsem.o
                0x0000000010002334                HAL_HSEM_IRQHandler
 .text.HAL_HSEM_FreeCallback
                0x0000000010002368       0x14 ./Drivers/STM32MP1xx_HAL_Driver/stm32mp1xx_hal_hsem.o
                0x0000000010002368                HAL_HSEM_FreeCallback
 .text.HAL_IPCC_Init
                0x000000001000237c       0x64 ./Drivers/STM32MP1xx_HAL_Driver/stm32mp1xx_hal_ipcc.o
                0x000000001000237c                HAL_IPCC_Init
 .text.HAL_IPCC_ActivateNotification
                0x00000000100023e0       0x9c ./Drivers/STM32MP1xx_HAL_Driver/stm32mp1xx_hal_ipcc.o
                0x00000000100023e0                HAL_IPCC_ActivateNotification
 .text.HAL_IPCC_GetChannelStatus
                0x000000001000247c       0x68 ./Drivers/STM32MP1xx_HAL_Driver/stm32mp1xx_hal_ipcc.o
                0x000000001000247c                HAL_IPCC_GetChannelStatus
 .text.HAL_IPCC_NotifyCPU
                0x00000000100024e4       0x8c ./Drivers/STM32MP1xx_HAL_Driver/stm32mp1xx_hal_ipcc.o
                0x00000000100024e4                HAL_IPCC_NotifyCPU
 .text.HAL_IPCC_TX_IRQHandler
                0x0000000010002570       0x9c ./Drivers/STM32MP1xx_HAL_Driver/stm32mp1xx_hal_ipcc.o
                0x0000000010002570                HAL_IPCC_TX_IRQHandler
 .text.HAL_IPCC_RX_IRQHandler
                0x000000001000260c       0x98 ./Drivers/STM32MP1xx_HAL_Driver/stm32mp1xx_hal_ipcc.o
                0x000000001000260c                HAL_IPCC_RX_IRQHandler
 .text.HAL_IPCC_RxCallback
                0x00000000100026a4       0x1a ./Drivers/STM32MP1xx_HAL_Driver/stm32mp1xx_hal_ipcc.o
                0x00000000100026a4                HAL_IPCC_RxCallback
 .text.HAL_IPCC_TxCallback
                0x00000000100026be       0x1a ./Drivers/STM32MP1xx_HAL_Driver/stm32mp1xx_hal_ipcc.o
                0x00000000100026be                HAL_IPCC_TxCallback
 .text.IPCC_UnmaskInterrupt
                0x00000000100026d8       0x5c ./Drivers/STM32MP1xx_HAL_Driver/stm32mp1xx_hal_ipcc.o
                0x00000000100026d8                IPCC_UnmaskInterrupt
 .text.IPCC_SetDefaultCallbacks
                0x0000000010002734       0x4c ./Drivers/STM32MP1xx_HAL_Driver/stm32mp1xx_hal_ipcc.o
                0x0000000010002734                IPCC_SetDefaultCallbacks
 .text.IPCC_Reset_Register
                0x0000000010002780       0x28 ./Drivers/STM32MP1xx_HAL_Driver/stm32mp1xx_hal_ipcc.o
                0x0000000010002780                IPCC_Reset_Register
 .text.HAL_PWR_EnableBkUpAccess
                0x00000000100027a8       0x20 ./Drivers/STM32MP1xx_HAL_Driver/stm32mp1xx_hal_pwr.o
                0x00000000100027a8                HAL_PWR_EnableBkUpAccess
 .text.HAL_RCC_OscConfig
                0x00000000100027c8      0x664 ./Drivers/STM32MP1xx_HAL_Driver/stm32mp1xx_hal_rcc.o
                0x00000000100027c8                HAL_RCC_OscConfig
 .text.HAL_RCC_HSEConfig
                0x0000000010002e2c       0xd6 ./Drivers/STM32MP1xx_HAL_Driver/stm32mp1xx_hal_rcc.o
                0x0000000010002e2c                HAL_RCC_HSEConfig
 .text.HAL_RCC_LSEConfig
                0x0000000010002f02       0xfa ./Drivers/STM32MP1xx_HAL_Driver/stm32mp1xx_hal_rcc.o
                0x0000000010002f02                HAL_RCC_LSEConfig
 .text.RCC_PLL1_Config
                0x0000000010002ffc      0x308 ./Drivers/STM32MP1xx_HAL_Driver/stm32mp1xx_hal_rcc.o
                0x0000000010002ffc                RCC_PLL1_Config
 .text.HAL_RCC_ClockConfig
                0x0000000010003304      0x224 ./Drivers/STM32MP1xx_HAL_Driver/stm32mp1xx_hal_rcc.o
                0x0000000010003304                HAL_RCC_ClockConfig
 .text.RCC_MPUConfig
                0x0000000010003528       0xec ./Drivers/STM32MP1xx_HAL_Driver/stm32mp1xx_hal_rcc.o
                0x0000000010003528                RCC_MPUConfig
 .text.RCC_AXISSConfig
                0x0000000010003614      0x12e ./Drivers/STM32MP1xx_HAL_Driver/stm32mp1xx_hal_rcc.o
                0x0000000010003614                RCC_AXISSConfig
 *fill*         0x0000000010003742        0x2 
 .text.RCC_MCUConfig
                0x0000000010003744      0x150 ./Drivers/STM32MP1xx_HAL_Driver/stm32mp1xx_hal_rcc.o
                0x0000000010003744                RCC_MCUConfig
 .text.HAL_RCC_GetPLL3ClockFreq
                0x0000000010003894      0x1f4 ./Drivers/STM32MP1xx_HAL_Driver/stm32mp1xx_hal_rcc.o
                0x0000000010003894                HAL_RCC_GetPLL3ClockFreq
 .text.HAL_RCC_GetMCUFreq
                0x0000000010003a88       0x36 ./Drivers/STM32MP1xx_HAL_Driver/stm32mp1xx_hal_rcc.o
                0x0000000010003a88                HAL_RCC_GetMCUFreq
 .text.HAL_RCC_GetSystemCoreClockFreq
                0x0000000010003abe        0xe ./Drivers/STM32MP1xx_HAL_Driver/stm32mp1xx_hal_rcc.o
                0x0000000010003abe                HAL_RCC_GetSystemCoreClockFreq
 .text.HAL_RCC_GetMCUSSFreq
                0x0000000010003acc       0x74 ./Drivers/STM32MP1xx_HAL_Driver/stm32mp1xx_hal_rcc.o
                0x0000000010003acc                HAL_RCC_GetMCUSSFreq
 .text.HAL_RCC_WAKEUP_IRQHandler
                0x0000000010003b40       0x2a ./Drivers/STM32MP1xx_HAL_Driver/stm32mp1xx_hal_rcc.o
                0x0000000010003b40                HAL_RCC_WAKEUP_IRQHandler
 .text.HAL_RCC_WAKEUP_Callback
                0x0000000010003b6a        0xe ./Drivers/STM32MP1xx_HAL_Driver/stm32mp1xx_hal_rcc.o
                0x0000000010003b6a                HAL_RCC_WAKEUP_Callback
 .text.RCCEx_PLL2_Config
                0x0000000010003b78      0x304 ./Drivers/STM32MP1xx_HAL_Driver/stm32mp1xx_hal_rcc_ex.o
                0x0000000010003b78                RCCEx_PLL2_Config
 .text.RCCEx_PLL3_Config
                0x0000000010003e7c      0x2d4 ./Drivers/STM32MP1xx_HAL_Driver/stm32mp1xx_hal_rcc_ex.o
                0x0000000010003e7c                RCCEx_PLL3_Config
 .text.RCCEx_PLL4_Config
                0x0000000010004150      0x2b0 ./Drivers/STM32MP1xx_HAL_Driver/stm32mp1xx_hal_rcc_ex.o
                0x0000000010004150                RCCEx_PLL4_Config
 .text.HAL_RCCEx_PeriphCLKConfig
                0x0000000010004400     0x1d28 ./Drivers/STM32MP1xx_HAL_Driver/stm32mp1xx_hal_rcc_ex.o
                0x0000000010004400                HAL_RCCEx_PeriphCLKConfig
 .text.HAL_TIM_Base_Init
                0x0000000010006128       0x56 ./Drivers/STM32MP1xx_HAL_Driver/stm32mp1xx_hal_tim.o
                0x0000000010006128                HAL_TIM_Base_Init
 *fill*         0x000000001000617e        0x2 
 .text.HAL_TIM_Base_Start_IT
                0x0000000010006180       0x54 ./Drivers/STM32MP1xx_HAL_Driver/stm32mp1xx_hal_tim.o
                0x0000000010006180                HAL_TIM_Base_Start_IT
 .text.HAL_TIM_PWM_Init
                0x00000000100061d4       0x56 ./Drivers/STM32MP1xx_HAL_Driver/stm32mp1xx_hal_tim.o
                0x00000000100061d4                HAL_TIM_PWM_Init
 *fill*         0x000000001000622a        0x2 
 .text.HAL_TIM_PWM_Start
                0x000000001000622c       0xac ./Drivers/STM32MP1xx_HAL_Driver/stm32mp1xx_hal_tim.o
                0x000000001000622c                HAL_TIM_PWM_Start
 .text.HAL_TIM_IC_Init
                0x00000000100062d8       0x56 ./Drivers/STM32MP1xx_HAL_Driver/stm32mp1xx_hal_tim.o
                0x00000000100062d8                HAL_TIM_IC_Init
 *fill*         0x000000001000632e        0x2 
 .text.HAL_TIM_IC_Start_IT
                0x0000000010006330       0xdc ./Drivers/STM32MP1xx_HAL_Driver/stm32mp1xx_hal_tim.o
                0x0000000010006330                HAL_TIM_IC_Start_IT
 .text.HAL_TIM_Encoder_Init
                0x000000001000640c      0x124 ./Drivers/STM32MP1xx_HAL_Driver/stm32mp1xx_hal_tim.o
                0x000000001000640c                HAL_TIM_Encoder_Init
 .text.HAL_TIM_Encoder_MspInit
                0x0000000010006530       0x14 ./Drivers/STM32MP1xx_HAL_Driver/stm32mp1xx_hal_tim.o
                0x0000000010006530                HAL_TIM_Encoder_MspInit
 .text.HAL_TIM_Encoder_Start
                0x0000000010006544       0x70 ./Drivers/STM32MP1xx_HAL_Driver/stm32mp1xx_hal_tim.o
                0x0000000010006544                HAL_TIM_Encoder_Start
 .text.HAL_TIM_IRQHandler
                0x00000000100065b4      0x23e ./Drivers/STM32MP1xx_HAL_Driver/stm32mp1xx_hal_tim.o
                0x00000000100065b4                HAL_TIM_IRQHandler
 .text.HAL_TIM_IC_ConfigChannel
                0x00000000100067f2      0x138 ./Drivers/STM32MP1xx_HAL_Driver/stm32mp1xx_hal_tim.o
                0x00000000100067f2                HAL_TIM_IC_ConfigChannel
 *fill*         0x000000001000692a        0x2 
 .text.HAL_TIM_PWM_ConfigChannel
                0x000000001000692c      0x230 ./Drivers/STM32MP1xx_HAL_Driver/stm32mp1xx_hal_tim.o
                0x000000001000692c                HAL_TIM_PWM_ConfigChannel
 .text.HAL_TIM_ConfigClockSource
                0x0000000010006b5c      0x18c ./Drivers/STM32MP1xx_HAL_Driver/stm32mp1xx_hal_tim.o
                0x0000000010006b5c                HAL_TIM_ConfigClockSource
 .text.HAL_TIM_OC_DelayElapsedCallback
                0x0000000010006ce8       0x14 ./Drivers/STM32MP1xx_HAL_Driver/stm32mp1xx_hal_tim.o
                0x0000000010006ce8                HAL_TIM_OC_DelayElapsedCallback
 .text.HAL_TIM_PWM_PulseFinishedCallback
                0x0000000010006cfc       0x14 ./Drivers/STM32MP1xx_HAL_Driver/stm32mp1xx_hal_tim.o
                0x0000000010006cfc                HAL_TIM_PWM_PulseFinishedCallback
 .text.HAL_TIM_TriggerCallback
                0x0000000010006d10       0x14 ./Drivers/STM32MP1xx_HAL_Driver/stm32mp1xx_hal_tim.o
                0x0000000010006d10                HAL_TIM_TriggerCallback
 .text.TIM_Base_SetConfig
                0x0000000010006d24      0x130 ./Drivers/STM32MP1xx_HAL_Driver/stm32mp1xx_hal_tim.o
                0x0000000010006d24                TIM_Base_SetConfig
 .text.TIM_OC1_SetConfig
                0x0000000010006e54      0x11c ./Drivers/STM32MP1xx_HAL_Driver/stm32mp1xx_hal_tim.o
 .text.TIM_OC2_SetConfig
                0x0000000010006f70      0x110 ./Drivers/STM32MP1xx_HAL_Driver/stm32mp1xx_hal_tim.o
                0x0000000010006f70                TIM_OC2_SetConfig
 .text.TIM_OC3_SetConfig
                0x0000000010007080      0x10c ./Drivers/STM32MP1xx_HAL_Driver/stm32mp1xx_hal_tim.o
 .text.TIM_OC4_SetConfig
                0x000000001000718c       0xd0 ./Drivers/STM32MP1xx_HAL_Driver/stm32mp1xx_hal_tim.o
 .text.TIM_OC5_SetConfig
                0x000000001000725c       0xc4 ./Drivers/STM32MP1xx_HAL_Driver/stm32mp1xx_hal_tim.o
 .text.TIM_OC6_SetConfig
                0x0000000010007320       0xc8 ./Drivers/STM32MP1xx_HAL_Driver/stm32mp1xx_hal_tim.o
 .text.TIM_TI1_SetConfig
                0x00000000100073e8       0xe4 ./Drivers/STM32MP1xx_HAL_Driver/stm32mp1xx_hal_tim.o
                0x00000000100073e8                TIM_TI1_SetConfig
 .text.TIM_TI1_ConfigInputStage
                0x00000000100074cc       0x5e ./Drivers/STM32MP1xx_HAL_Driver/stm32mp1xx_hal_tim.o
 .text.TIM_TI2_SetConfig
                0x000000001000752a       0x7a ./Drivers/STM32MP1xx_HAL_Driver/stm32mp1xx_hal_tim.o
 .text.TIM_TI2_ConfigInputStage
                0x00000000100075a4       0x60 ./Drivers/STM32MP1xx_HAL_Driver/stm32mp1xx_hal_tim.o
 .text.TIM_TI3_SetConfig
                0x0000000010007604       0x78 ./Drivers/STM32MP1xx_HAL_Driver/stm32mp1xx_hal_tim.o
 .text.TIM_TI4_SetConfig
                0x000000001000767c       0x7a ./Drivers/STM32MP1xx_HAL_Driver/stm32mp1xx_hal_tim.o
 .text.TIM_ITRx_SetConfig
                0x00000000100076f6       0x3a ./Drivers/STM32MP1xx_HAL_Driver/stm32mp1xx_hal_tim.o
 .text.TIM_ETR_SetConfig
                0x0000000010007730       0x40 ./Drivers/STM32MP1xx_HAL_Driver/stm32mp1xx_hal_tim.o
                0x0000000010007730                TIM_ETR_SetConfig
 .text.TIM_CCxChannelCmd
                0x0000000010007770       0x4a ./Drivers/STM32MP1xx_HAL_Driver/stm32mp1xx_hal_tim.o
                0x0000000010007770                TIM_CCxChannelCmd
 *fill*         0x00000000100077ba        0x2 
 .text.HAL_TIMEx_MasterConfigSynchronization
                0x00000000100077bc       0xb4 ./Drivers/STM32MP1xx_HAL_Driver/stm32mp1xx_hal_tim_ex.o
                0x00000000100077bc                HAL_TIMEx_MasterConfigSynchronization
 .text.HAL_TIMEx_ConfigBreakDeadTime
                0x0000000010007870      0x13c ./Drivers/STM32MP1xx_HAL_Driver/stm32mp1xx_hal_tim_ex.o
                0x0000000010007870                HAL_TIMEx_ConfigBreakDeadTime
 .text.HAL_TIMEx_CommutCallback
                0x00000000100079ac       0x14 ./Drivers/STM32MP1xx_HAL_Driver/stm32mp1xx_hal_tim_ex.o
                0x00000000100079ac                HAL_TIMEx_CommutCallback
 .text.HAL_TIMEx_BreakCallback
                0x00000000100079c0       0x14 ./Drivers/STM32MP1xx_HAL_Driver/stm32mp1xx_hal_tim_ex.o
                0x00000000100079c0                HAL_TIMEx_BreakCallback
 .text.HAL_TIMEx_Break2Callback
                0x00000000100079d4       0x14 ./Drivers/STM32MP1xx_HAL_Driver/stm32mp1xx_hal_tim_ex.o
                0x00000000100079d4                HAL_TIMEx_Break2Callback
 .text.metal_list_init
                0x00000000100079e8       0x20 ./Middlewares/Third_Party/OpenAMP/device.o
 .text.metal_list_add_before
                0x0000000010007a08       0x34 ./Middlewares/Third_Party/OpenAMP/device.o
 .text.metal_list_add_tail
                0x0000000010007a3c       0x1a ./Middlewares/Third_Party/OpenAMP/device.o
 .text.__metal_cache_flush
                0x0000000010007a56       0x1a ./Middlewares/Third_Party/OpenAMP/device.o
 .text.__metal_cache_invalidate
                0x0000000010007a70       0x1a ./Middlewares/Third_Party/OpenAMP/device.o
 .text.metal_cache_flush
                0x0000000010007a8a       0x1a ./Middlewares/Third_Party/OpenAMP/device.o
 .text.metal_cache_invalidate
                0x0000000010007aa4       0x1a ./Middlewares/Third_Party/OpenAMP/device.o
 *fill*         0x0000000010007abe        0x2 
 .text.metal_bus_register
                0x0000000010007ac0       0x88 ./Middlewares/Third_Party/OpenAMP/device.o
                0x0000000010007ac0                metal_bus_register
 .text.metal_bus_find
                0x0000000010007b48       0x5c ./Middlewares/Third_Party/OpenAMP/device.o
                0x0000000010007b48                metal_bus_find
 .text.metal_device_open
                0x0000000010007ba4       0x7c ./Middlewares/Third_Party/OpenAMP/device.o
                0x0000000010007ba4                metal_device_open
 .text.metal_register_generic_device
                0x0000000010007c20       0x4c ./Middlewares/Third_Party/OpenAMP/device.o
                0x0000000010007c20                metal_register_generic_device
 .text.metal_generic_dev_open
                0x0000000010007c6c       0x60 ./Middlewares/Third_Party/OpenAMP/device.o
                0x0000000010007c6c                metal_generic_dev_open
 .text.metal_generic_dev_dma_map
                0x0000000010007ccc       0xa2 ./Middlewares/Third_Party/OpenAMP/device.o
                0x0000000010007ccc                metal_generic_dev_dma_map
 .text.metal_generic_dev_dma_unmap
                0x0000000010007d6e       0x56 ./Middlewares/Third_Party/OpenAMP/device.o
                0x0000000010007d6e                metal_generic_dev_dma_unmap
 .text.metal_generic_dev_sys_open
                0x0000000010007dc4       0x4e ./Middlewares/Third_Party/OpenAMP/generic_device.o
                0x0000000010007dc4                metal_generic_dev_sys_open
 *fill*         0x0000000010007e12        0x2 
 .text.metal_sys_init
                0x0000000010007e14       0x1c ./Middlewares/Third_Party/OpenAMP/generic_init.o
                0x0000000010007e14                metal_sys_init
 .text.metal_sys_io_mem_map
                0x0000000010007e30       0x7c ./Middlewares/Third_Party/OpenAMP/generic_io.o
                0x0000000010007e30                metal_sys_io_mem_map
 .text.metal_list_init
                0x0000000010007eac       0x20 ./Middlewares/Third_Party/OpenAMP/init.o
 .text.metal_init
                0x0000000010007ecc       0x64 ./Middlewares/Third_Party/OpenAMP/init.o
                0x0000000010007ecc                metal_init
 .text.metal_io_virt
                0x0000000010007f30       0x38 ./Middlewares/Third_Party/OpenAMP/io.o
 .text.metal_io_init
                0x0000000010007f68       0x9a ./Middlewares/Third_Party/OpenAMP/io.o
                0x0000000010007f68                metal_io_init
 .text.metal_io_block_read
                0x0000000010008002       0xea ./Middlewares/Third_Party/OpenAMP/io.o
                0x0000000010008002                metal_io_block_read
 .text.metal_io_block_write
                0x00000000100080ec       0xe8 ./Middlewares/Third_Party/OpenAMP/io.o
                0x00000000100080ec                metal_io_block_write
 .text.metal_default_log_handler
                0x00000000100081d4       0x1a ./Middlewares/Third_Party/OpenAMP/log.o
                0x00000000100081d4                metal_default_log_handler
 .text.metal_io_virt
                0x00000000100081ee       0x38 ./Middlewares/Third_Party/OpenAMP/remoteproc_virtio.o
 .text.metal_io_virt_to_offset
                0x0000000010008226       0x32 ./Middlewares/Third_Party/OpenAMP/remoteproc_virtio.o
 .text.metal_io_read
                0x0000000010008258      0x104 ./Middlewares/Third_Party/OpenAMP/remoteproc_virtio.o
 .text.metal_allocate_memory
                0x000000001000835c       0x18 ./Middlewares/Third_Party/OpenAMP/remoteproc_virtio.o
 .text.metal_free_memory
                0x0000000010008374       0x16 ./Middlewares/Third_Party/OpenAMP/remoteproc_virtio.o
 .text.virtqueue_allocate
                0x000000001000838a       0x32 ./Middlewares/Third_Party/OpenAMP/remoteproc_virtio.o
 .text.rproc_virtio_virtqueue_notify
                0x00000000100083bc       0x68 ./Middlewares/Third_Party/OpenAMP/remoteproc_virtio.o
 .text.rproc_virtio_get_status
                0x0000000010008424       0x44 ./Middlewares/Third_Party/OpenAMP/remoteproc_virtio.o
 .text.rproc_virtio_get_dfeatures
                0x0000000010008468       0x44 ./Middlewares/Third_Party/OpenAMP/remoteproc_virtio.o
 .text.rproc_virtio_get_features
                0x00000000100084ac       0x50 ./Middlewares/Third_Party/OpenAMP/remoteproc_virtio.o
 .text.rproc_virtio_read_config
                0x00000000100084fc       0x66 ./Middlewares/Third_Party/OpenAMP/remoteproc_virtio.o
 *fill*         0x0000000010008562        0x2 
 .text.rproc_virtio_create_vdev
                0x0000000010008564      0x15c ./Middlewares/Third_Party/OpenAMP/remoteproc_virtio.o
                0x0000000010008564                rproc_virtio_create_vdev
 .text.rproc_virtio_init_vring
                0x00000000100086c0       0x62 ./Middlewares/Third_Party/OpenAMP/remoteproc_virtio.o
                0x00000000100086c0                rproc_virtio_init_vring
 .text.rproc_virtio_notified
                0x0000000010008722       0x78 ./Middlewares/Third_Party/OpenAMP/remoteproc_virtio.o
                0x0000000010008722                rproc_virtio_notified
 .text.rproc_virtio_wait_remote_ready
                0x000000001000879a       0x32 ./Middlewares/Third_Party/OpenAMP/remoteproc_virtio.o
                0x000000001000879a                rproc_virtio_wait_remote_ready
 .text.__metal_mutex_acquire
                0x00000000100087cc       0x5e ./Middlewares/Third_Party/OpenAMP/rpmsg.o
 .text.__metal_mutex_release
                0x000000001000882a       0x2c ./Middlewares/Third_Party/OpenAMP/rpmsg.o
 .text.metal_mutex_acquire
                0x0000000010008856       0x16 ./Middlewares/Third_Party/OpenAMP/rpmsg.o
 .text.metal_mutex_release
                0x000000001000886c       0x16 ./Middlewares/Third_Party/OpenAMP/rpmsg.o
 .text.metal_list_add_before
                0x0000000010008882       0x34 ./Middlewares/Third_Party/OpenAMP/rpmsg.o
 .text.metal_list_add_tail
                0x00000000100088b6       0x1a ./Middlewares/Third_Party/OpenAMP/rpmsg.o
 .text.metal_list_del
                0x00000000100088d0       0x34 ./Middlewares/Third_Party/OpenAMP/rpmsg.o
 .text.metal_bitmap_set_bit
                0x0000000010008904       0x38 ./Middlewares/Third_Party/OpenAMP/rpmsg.o
 .text.metal_bitmap_is_bit_set
                0x000000001000893c       0x3a ./Middlewares/Third_Party/OpenAMP/rpmsg.o
 .text.metal_bitmap_clear_bit
                0x0000000010008976       0x3a ./Middlewares/Third_Party/OpenAMP/rpmsg.o
 .text.metal_bitmap_is_bit_clear
                0x00000000100089b0       0x26 ./Middlewares/Third_Party/OpenAMP/rpmsg.o
 .text.metal_bitmap_next_clear_bit
                0x00000000100089d6       0x3a ./Middlewares/Third_Party/OpenAMP/rpmsg.o
 .text.rpmsg_initialize_ept
                0x0000000010008a10       0x48 ./Middlewares/Third_Party/OpenAMP/rpmsg.o
 .text.rpmsg_get_address
                0x0000000010008a58       0x42 ./Middlewares/Third_Party/OpenAMP/rpmsg.o
 .text.rpmsg_release_address
                0x0000000010008a9a       0x32 ./Middlewares/Third_Party/OpenAMP/rpmsg.o
 .text.rpmsg_is_address_set
                0x0000000010008acc       0x3c ./Middlewares/Third_Party/OpenAMP/rpmsg.o
 .text.rpmsg_set_address
                0x0000000010008b08       0x3c ./Middlewares/Third_Party/OpenAMP/rpmsg.o
 .text.rpmsg_send_offchannel_raw
                0x0000000010008b44       0x64 ./Middlewares/Third_Party/OpenAMP/rpmsg.o
                0x0000000010008b44                rpmsg_send_offchannel_raw
 .text.rpmsg_send_ns_message
                0x0000000010008ba8       0x50 ./Middlewares/Third_Party/OpenAMP/rpmsg.o
                0x0000000010008ba8                rpmsg_send_ns_message
 .text.rpmsg_get_endpoint
                0x0000000010008bf8       0xc0 ./Middlewares/Third_Party/OpenAMP/rpmsg.o
                0x0000000010008bf8                rpmsg_get_endpoint
 .text.rpmsg_unregister_endpoint
                0x0000000010008cb8       0x56 ./Middlewares/Third_Party/OpenAMP/rpmsg.o
 .text.rpmsg_register_endpoint
                0x0000000010008d0e       0x26 ./Middlewares/Third_Party/OpenAMP/rpmsg.o
                0x0000000010008d0e                rpmsg_register_endpoint
 .text.rpmsg_create_ept
                0x0000000010008d34      0x104 ./Middlewares/Third_Party/OpenAMP/rpmsg.o
                0x0000000010008d34                rpmsg_create_ept
 .text.__metal_sleep_usec
                0x0000000010008e38       0x16 ./Middlewares/Third_Party/OpenAMP/rpmsg_virtio.o
 .text.metal_sleep_usec
                0x0000000010008e4e       0x18 ./Middlewares/Third_Party/OpenAMP/rpmsg_virtio.o
 .text.metal_list_init
                0x0000000010008e66       0x20 ./Middlewares/Third_Party/OpenAMP/rpmsg_virtio.o
 .text.metal_io_virt_to_offset
                0x0000000010008e86       0x32 ./Middlewares/Third_Party/OpenAMP/rpmsg_virtio.o
 .text.__metal_mutex_init
                0x0000000010008eb8       0x2c ./Middlewares/Third_Party/OpenAMP/rpmsg_virtio.o
 .text.__metal_mutex_acquire
                0x0000000010008ee4       0x5e ./Middlewares/Third_Party/OpenAMP/rpmsg_virtio.o
 .text.__metal_mutex_release
                0x0000000010008f42       0x2c ./Middlewares/Third_Party/OpenAMP/rpmsg_virtio.o
 .text.metal_mutex_init
                0x0000000010008f6e       0x16 ./Middlewares/Third_Party/OpenAMP/rpmsg_virtio.o
 .text.metal_mutex_acquire
                0x0000000010008f84       0x16 ./Middlewares/Third_Party/OpenAMP/rpmsg_virtio.o
 .text.metal_mutex_release
                0x0000000010008f9a       0x16 ./Middlewares/Third_Party/OpenAMP/rpmsg_virtio.o
 .text.rpmsg_virtio_get_role
                0x0000000010008fb0       0x1a ./Middlewares/Third_Party/OpenAMP/rpmsg_virtio.o
 .text.rpmsg_virtio_set_status
                0x0000000010008fca       0x26 ./Middlewares/Third_Party/OpenAMP/rpmsg_virtio.o
 .text.rpmsg_virtio_get_status
                0x0000000010008ff0       0x22 ./Middlewares/Third_Party/OpenAMP/rpmsg_virtio.o
 .text.rpmsg_virtio_get_features
                0x0000000010009012       0x22 ./Middlewares/Third_Party/OpenAMP/rpmsg_virtio.o
 .text.rpmsg_virtio_create_virtqueues
                0x0000000010009034       0x2a ./Middlewares/Third_Party/OpenAMP/rpmsg_virtio.o
 *fill*         0x000000001000905e        0x2 
 .text.rpmsg_initialize_ept
                0x0000000010009060       0x48 ./Middlewares/Third_Party/OpenAMP/rpmsg_virtio.o
 .text.rpmsg_get_ept_from_addr
                0x00000000100090a8       0x22 ./Middlewares/Third_Party/OpenAMP/rpmsg_virtio.o
 .text.rpmsg_virtio_init_shm_pool
                0x00000000100090ca       0x32 ./Middlewares/Third_Party/OpenAMP/rpmsg_virtio.o
                0x00000000100090ca                rpmsg_virtio_init_shm_pool
 .text.rpmsg_virtio_return_buffer
                0x00000000100090fc       0x32 ./Middlewares/Third_Party/OpenAMP/rpmsg_virtio.o
 .text.rpmsg_virtio_enqueue_buffer
                0x000000001000912e       0x3a ./Middlewares/Third_Party/OpenAMP/rpmsg_virtio.o
 .text.rpmsg_virtio_get_tx_buffer
                0x0000000010009168       0x3a ./Middlewares/Third_Party/OpenAMP/rpmsg_virtio.o
 .text.rpmsg_virtio_get_rx_buffer
                0x00000000100091a2       0x38 ./Middlewares/Third_Party/OpenAMP/rpmsg_virtio.o
 .text.rpmsg_virtio_wait_remote_ready
                0x00000000100091da       0x3a ./Middlewares/Third_Party/OpenAMP/rpmsg_virtio.o
 .text.rpmsg_virtio_hold_rx_buffer
                0x0000000010009214       0x28 ./Middlewares/Third_Party/OpenAMP/rpmsg_virtio.o
 .text.rpmsg_virtio_release_rx_buffer
                0x000000001000923c       0x52 ./Middlewares/Third_Party/OpenAMP/rpmsg_virtio.o
 .text.rpmsg_virtio_get_tx_payload_buffer
                0x000000001000928e       0xa4 ./Middlewares/Third_Party/OpenAMP/rpmsg_virtio.o
 *fill*         0x0000000010009332        0x2 
 .text.rpmsg_virtio_send_offchannel_nocopy
                0x0000000010009334       0xd8 ./Middlewares/Third_Party/OpenAMP/rpmsg_virtio.o
 .text.rpmsg_virtio_send_offchannel_raw
                0x000000001000940c       0x98 ./Middlewares/Third_Party/OpenAMP/rpmsg_virtio.o
 .text.rpmsg_virtio_tx_callback
                0x00000000100094a4       0x14 ./Middlewares/Third_Party/OpenAMP/rpmsg_virtio.o
 .text.rpmsg_virtio_rx_callback
                0x00000000100094b8      0x124 ./Middlewares/Third_Party/OpenAMP/rpmsg_virtio.o
 .text.rpmsg_virtio_ns_callback
                0x00000000100095dc       0xe6 ./Middlewares/Third_Party/OpenAMP/rpmsg_virtio.o
 *fill*         0x00000000100096c2        0x2 
 .text.rpmsg_init_vdev
                0x00000000100096c4      0x1a0 ./Middlewares/Third_Party/OpenAMP/rpmsg_virtio.o
                0x00000000100096c4                rpmsg_init_vdev
 .text.metal_machine_cache_flush
                0x0000000010009864       0x16 ./Middlewares/Third_Party/OpenAMP/sys.o
                0x0000000010009864                metal_machine_cache_flush
 .text.metal_machine_cache_invalidate
                0x000000001000987a       0x16 ./Middlewares/Third_Party/OpenAMP/sys.o
                0x000000001000987a                metal_machine_cache_invalidate
 .text.metal_machine_io_mem_map
                0x0000000010009890       0x1c ./Middlewares/Third_Party/OpenAMP/sys.o
                0x0000000010009890                metal_machine_io_mem_map
 .text.rpmsg_send
                0x00000000100098ac       0x2e ./Middlewares/Third_Party/OpenAMP/virt_uart.o
 .text.VIRT_UART_read_cb
                0x00000000100098da       0x3c ./Middlewares/Third_Party/OpenAMP/virt_uart.o
 *fill*         0x0000000010009916        0x2 
 .text.VIRT_UART_Init
                0x0000000010009918       0x38 ./Middlewares/Third_Party/OpenAMP/virt_uart.o
                0x0000000010009918                VIRT_UART_Init
 .text.VIRT_UART_RegisterCallback
                0x0000000010009950       0x34 ./Middlewares/Third_Party/OpenAMP/virt_uart.o
                0x0000000010009950                VIRT_UART_RegisterCallback
 .text.VIRT_UART_Transmit
                0x0000000010009984       0x3c ./Middlewares/Third_Party/OpenAMP/virt_uart.o
                0x0000000010009984                VIRT_UART_Transmit
 .text.virtio_create_virtqueues
                0x00000000100099c0       0x9c ./Middlewares/Third_Party/OpenAMP/virtio.o
                0x00000000100099c0                virtio_create_virtqueues
 .text.vring_init
                0x0000000010009a5c       0x52 ./Middlewares/Third_Party/OpenAMP/virtqueue.o
 .text.vring_need_event
                0x0000000010009aae       0x3c ./Middlewares/Third_Party/OpenAMP/virtqueue.o
 .text.metal_io_virt
                0x0000000010009aea       0x38 ./Middlewares/Third_Party/OpenAMP/virtqueue.o
 .text.metal_io_phys
                0x0000000010009b22       0x6e ./Middlewares/Third_Party/OpenAMP/virtqueue.o
 .text.metal_io_phys_to_offset
                0x0000000010009b90       0x76 ./Middlewares/Third_Party/OpenAMP/virtqueue.o
 .text.metal_io_phys_to_virt
                0x0000000010009c06       0x26 ./Middlewares/Third_Party/OpenAMP/virtqueue.o
 .text.virtqueue_phys_to_virt
                0x0000000010009c2c       0x22 ./Middlewares/Third_Party/OpenAMP/virtqueue.o
 .text.virtqueue_create
                0x0000000010009c4e       0x62 ./Middlewares/Third_Party/OpenAMP/virtqueue.o
                0x0000000010009c4e                virtqueue_create
 .text.virtqueue_get_buffer_length
                0x0000000010009cb0       0x24 ./Middlewares/Third_Party/OpenAMP/virtqueue.o
                0x0000000010009cb0                virtqueue_get_buffer_length
 .text.virtqueue_get_available_buffer
                0x0000000010009cd4       0x90 ./Middlewares/Third_Party/OpenAMP/virtqueue.o
                0x0000000010009cd4                virtqueue_get_available_buffer
 .text.virtqueue_add_consumed_buffer
                0x0000000010009d64       0x84 ./Middlewares/Third_Party/OpenAMP/virtqueue.o
                0x0000000010009d64                virtqueue_add_consumed_buffer
 .text.virtqueue_disable_cb
                0x0000000010009de8       0x70 ./Middlewares/Third_Party/OpenAMP/virtqueue.o
                0x0000000010009de8                virtqueue_disable_cb
 .text.virtqueue_kick
                0x0000000010009e58       0x2c ./Middlewares/Third_Party/OpenAMP/virtqueue.o
                0x0000000010009e58                virtqueue_kick
 .text.vq_ring_init
                0x0000000010009e84       0x2c ./Middlewares/Third_Party/OpenAMP/virtqueue.o
 .text.virtqueue_notification
                0x0000000010009eb0       0x24 ./Middlewares/Third_Party/OpenAMP/virtqueue.o
                0x0000000010009eb0                virtqueue_notification
 .text.vq_ring_must_notify
                0x0000000010009ed4       0x9c ./Middlewares/Third_Party/OpenAMP/virtqueue.o
 .text.vq_ring_notify
                0x0000000010009f70       0x20 ./Middlewares/Third_Party/OpenAMP/virtqueue.o
 .text.MAILBOX_Init
                0x0000000010009f90       0x48 ./OPENAMP/mbox_ipcc.o
                0x0000000010009f90                MAILBOX_Init
 .text.MAILBOX_Poll
                0x0000000010009fd8       0x54 ./OPENAMP/mbox_ipcc.o
                0x0000000010009fd8                MAILBOX_Poll
 .text.MAILBOX_Notify
                0x000000001000a02c       0x64 ./OPENAMP/mbox_ipcc.o
                0x000000001000a02c                MAILBOX_Notify
 .text.IPCC_channel1_callback
                0x000000001000a090       0x2c ./OPENAMP/mbox_ipcc.o
                0x000000001000a090                IPCC_channel1_callback
 .text.IPCC_channel2_callback
                0x000000001000a0bc       0x2c ./OPENAMP/mbox_ipcc.o
                0x000000001000a0bc                IPCC_channel2_callback
 .text.metal_device_io_region
                0x000000001000a0e8       0x36 ./OPENAMP/openamp.o
 *fill*         0x000000001000a11e        0x2 
 .text.OPENAMP_shmem_init
                0x000000001000a120      0x140 ./OPENAMP/openamp.o
 .text.MX_OPENAMP_Init
                0x000000001000a260      0x128 ./OPENAMP/openamp.o
                0x000000001000a260                MX_OPENAMP_Init
 .text.OPENAMP_create_endpoint
                0x000000001000a388       0x3c ./OPENAMP/openamp.o
                0x000000001000a388                OPENAMP_create_endpoint
 .text.OPENAMP_check_for_message
                0x000000001000a3c4       0x18 ./OPENAMP/openamp.o
                0x000000001000a3c4                OPENAMP_check_for_message
 .text.resource_table_init
                0x000000001000a3dc       0x28 ./OPENAMP/rsc_table.o
                0x000000001000a3dc                resource_table_init
 .text.__assert_func
                0x000000001000a404       0x3c e:/stm32cubeide_1.11.0/stm32cubeide/plugins/com.st.stm32cube.ide.mcu.externaltools.gnu-tools-for-stm32.10.3-2021.10.win32_1.0.100.202210260954/tools/bin/../lib/gcc/arm-none-eabi/10.3.1/../../../../arm-none-eabi/lib/thumb/v7e-m+fp/hard\libc_nano.a(lib_a-assert.o)
                0x000000001000a404                __assert_func
 .text.atoi     0x000000001000a440        0x8 e:/stm32cubeide_1.11.0/stm32cubeide/plugins/com.st.stm32cube.ide.mcu.externaltools.gnu-tools-for-stm32.10.3-2021.10.win32_1.0.100.202210260954/tools/bin/../lib/gcc/arm-none-eabi/10.3.1/../../../../arm-none-eabi/lib/thumb/v7e-m+fp/hard\libc_nano.a(lib_a-atoi.o)
                0x000000001000a440                atoi
 .text.__errno  0x000000001000a448        0xc e:/stm32cubeide_1.11.0/stm32cubeide/plugins/com.st.stm32cube.ide.mcu.externaltools.gnu-tools-for-stm32.10.3-2021.10.win32_1.0.100.202210260954/tools/bin/../lib/gcc/arm-none-eabi/10.3.1/../../../../arm-none-eabi/lib/thumb/v7e-m+fp/hard\libc_nano.a(lib_a-errno.o)
                0x000000001000a448                __errno
 .text.fprintf  0x000000001000a454       0x24 e:/stm32cubeide_1.11.0/stm32cubeide/plugins/com.st.stm32cube.ide.mcu.externaltools.gnu-tools-for-stm32.10.3-2021.10.win32_1.0.100.202210260954/tools/bin/../lib/gcc/arm-none-eabi/10.3.1/../../../../arm-none-eabi/lib/thumb/v7e-m+fp/hard\libc_nano.a(lib_a-fprintf.o)
                0x000000001000a454                fiprintf
                0x000000001000a454                fprintf
 .text.__libc_init_array
                0x000000001000a478       0x48 e:/stm32cubeide_1.11.0/stm32cubeide/plugins/com.st.stm32cube.ide.mcu.externaltools.gnu-tools-for-stm32.10.3-2021.10.win32_1.0.100.202210260954/tools/bin/../lib/gcc/arm-none-eabi/10.3.1/../../../../arm-none-eabi/lib/thumb/v7e-m+fp/hard\libc_nano.a(lib_a-init.o)
                0x000000001000a478                __libc_init_array
 .text.malloc   0x000000001000a4c0       0x10 e:/stm32cubeide_1.11.0/stm32cubeide/plugins/com.st.stm32cube.ide.mcu.externaltools.gnu-tools-for-stm32.10.3-2021.10.win32_1.0.100.202210260954/tools/bin/../lib/gcc/arm-none-eabi/10.3.1/../../../../arm-none-eabi/lib/thumb/v7e-m+fp/hard\libc_nano.a(lib_a-malloc.o)
                0x000000001000a4c0                malloc
 .text.free     0x000000001000a4d0       0x10 e:/stm32cubeide_1.11.0/stm32cubeide/plugins/com.st.stm32cube.ide.mcu.externaltools.gnu-tools-for-stm32.10.3-2021.10.win32_1.0.100.202210260954/tools/bin/../lib/gcc/arm-none-eabi/10.3.1/../../../../arm-none-eabi/lib/thumb/v7e-m+fp/hard\libc_nano.a(lib_a-malloc.o)
                0x000000001000a4d0                free
 .text.memcpy   0x000000001000a4e0       0x1c e:/stm32cubeide_1.11.0/stm32cubeide/plugins/com.st.stm32cube.ide.mcu.externaltools.gnu-tools-for-stm32.10.3-2021.10.win32_1.0.100.202210260954/tools/bin/../lib/gcc/arm-none-eabi/10.3.1/../../../../arm-none-eabi/lib/thumb/v7e-m+fp/hard\libc_nano.a(lib_a-memcpy-stub.o)
                0x000000001000a4e0                memcpy
 .text.memset   0x000000001000a4fc       0x10 e:/stm32cubeide_1.11.0/stm32cubeide/plugins/com.st.stm32cube.ide.mcu.externaltools.gnu-tools-for-stm32.10.3-2021.10.win32_1.0.100.202210260954/tools/bin/../lib/gcc/arm-none-eabi/10.3.1/../../../../arm-none-eabi/lib/thumb/v7e-m+fp/hard\libc_nano.a(lib_a-memset.o)
                0x000000001000a4fc                memset
 .text._free_r  0x000000001000a50c       0x98 e:/stm32cubeide_1.11.0/stm32cubeide/plugins/com.st.stm32cube.ide.mcu.externaltools.gnu-tools-for-stm32.10.3-2021.10.win32_1.0.100.202210260954/tools/bin/../lib/gcc/arm-none-eabi/10.3.1/../../../../arm-none-eabi/lib/thumb/v7e-m+fp/hard\libc_nano.a(lib_a-nano-freer.o)
                0x000000001000a50c                _free_r
 .text.sbrk_aligned
                0x000000001000a5a4       0x40 e:/stm32cubeide_1.11.0/stm32cubeide/plugins/com.st.stm32cube.ide.mcu.externaltools.gnu-tools-for-stm32.10.3-2021.10.win32_1.0.100.202210260954/tools/bin/../lib/gcc/arm-none-eabi/10.3.1/../../../../arm-none-eabi/lib/thumb/v7e-m+fp/hard\libc_nano.a(lib_a-nano-mallocr.o)
 .text._malloc_r
                0x000000001000a5e4       0xe8 e:/stm32cubeide_1.11.0/stm32cubeide/plugins/com.st.stm32cube.ide.mcu.externaltools.gnu-tools-for-stm32.10.3-2021.10.win32_1.0.100.202210260954/tools/bin/../lib/gcc/arm-none-eabi/10.3.1/../../../../arm-none-eabi/lib/thumb/v7e-m+fp/hard\libc_nano.a(lib_a-nano-mallocr.o)
                0x000000001000a5e4                _malloc_r
 .text.__sfputc_r
                0x000000001000a6cc       0x2e e:/stm32cubeide_1.11.0/stm32cubeide/plugins/com.st.stm32cube.ide.mcu.externaltools.gnu-tools-for-stm32.10.3-2021.10.win32_1.0.100.202210260954/tools/bin/../lib/gcc/arm-none-eabi/10.3.1/../../../../arm-none-eabi/lib/thumb/v7e-m+fp/hard\libc_nano.a(lib_a-nano-vfprintf.o)
 .text.__sfputs_r
                0x000000001000a6fa       0x24 e:/stm32cubeide_1.11.0/stm32cubeide/plugins/com.st.stm32cube.ide.mcu.externaltools.gnu-tools-for-stm32.10.3-2021.10.win32_1.0.100.202210260954/tools/bin/../lib/gcc/arm-none-eabi/10.3.1/../../../../arm-none-eabi/lib/thumb/v7e-m+fp/hard\libc_nano.a(lib_a-nano-vfprintf.o)
                0x000000001000a6fa                __sfputs_r
 *fill*         0x000000001000a71e        0x2 
 .text._vfprintf_r
                0x000000001000a720      0x260 e:/stm32cubeide_1.11.0/stm32cubeide/plugins/com.st.stm32cube.ide.mcu.externaltools.gnu-tools-for-stm32.10.3-2021.10.win32_1.0.100.202210260954/tools/bin/../lib/gcc/arm-none-eabi/10.3.1/../../../../arm-none-eabi/lib/thumb/v7e-m+fp/hard\libc_nano.a(lib_a-nano-vfprintf.o)
                0x000000001000a720                _vfprintf_r
                0x000000001000a720                _vfiprintf_r
 .text._printf_common
                0x000000001000a980       0xda e:/stm32cubeide_1.11.0/stm32cubeide/plugins/com.st.stm32cube.ide.mcu.externaltools.gnu-tools-for-stm32.10.3-2021.10.win32_1.0.100.202210260954/tools/bin/../lib/gcc/arm-none-eabi/10.3.1/../../../../arm-none-eabi/lib/thumb/v7e-m+fp/hard\libc_nano.a(lib_a-nano-vfprintf_i.o)
                0x000000001000a980                _printf_common
 *fill*         0x000000001000aa5a        0x2 
 .text._printf_i
                0x000000001000aa5c      0x24c e:/stm32cubeide_1.11.0/stm32cubeide/plugins/com.st.stm32cube.ide.mcu.externaltools.gnu-tools-for-stm32.10.3-2021.10.win32_1.0.100.202210260954/tools/bin/../lib/gcc/arm-none-eabi/10.3.1/../../../../arm-none-eabi/lib/thumb/v7e-m+fp/hard\libc_nano.a(lib_a-nano-vfprintf_i.o)
                0x000000001000aa5c                _printf_i
 .text._sbrk_r  0x000000001000aca8       0x20 e:/stm32cubeide_1.11.0/stm32cubeide/plugins/com.st.stm32cube.ide.mcu.externaltools.gnu-tools-for-stm32.10.3-2021.10.win32_1.0.100.202210260954/tools/bin/../lib/gcc/arm-none-eabi/10.3.1/../../../../arm-none-eabi/lib/thumb/v7e-m+fp/hard\libc_nano.a(lib_a-sbrkr.o)
                0x000000001000aca8                _sbrk_r
 .text.snprintf
                0x000000001000acc8       0x68 e:/stm32cubeide_1.11.0/stm32cubeide/plugins/com.st.stm32cube.ide.mcu.externaltools.gnu-tools-for-stm32.10.3-2021.10.win32_1.0.100.202210260954/tools/bin/../lib/gcc/arm-none-eabi/10.3.1/../../../../arm-none-eabi/lib/thumb/v7e-m+fp/hard\libc_nano.a(lib_a-snprintf.o)
                0x000000001000acc8                sniprintf
                0x000000001000acc8                snprintf
 .text.strncmp  0x000000001000ad30       0x28 e:/stm32cubeide_1.11.0/stm32cubeide/plugins/com.st.stm32cube.ide.mcu.externaltools.gnu-tools-for-stm32.10.3-2021.10.win32_1.0.100.202210260954/tools/bin/../lib/gcc/arm-none-eabi/10.3.1/../../../../arm-none-eabi/lib/thumb/v7e-m+fp/hard\libc_nano.a(lib_a-strncmp.o)
                0x000000001000ad30                strncmp
 .text.strncpy  0x000000001000ad58       0x26 e:/stm32cubeide_1.11.0/stm32cubeide/plugins/com.st.stm32cube.ide.mcu.externaltools.gnu-tools-for-stm32.10.3-2021.10.win32_1.0.100.202210260954/tools/bin/../lib/gcc/arm-none-eabi/10.3.1/../../../../arm-none-eabi/lib/thumb/v7e-m+fp/hard\libc_nano.a(lib_a-strncpy.o)
                0x000000001000ad58                strncpy
 *fill*         0x000000001000ad7e        0x2 
 .text._strtol_l.constprop.0
                0x000000001000ad80      0x104 e:/stm32cubeide_1.11.0/stm32cubeide/plugins/com.st.stm32cube.ide.mcu.externaltools.gnu-tools-for-stm32.10.3-2021.10.win32_1.0.100.202210260954/tools/bin/../lib/gcc/arm-none-eabi/10.3.1/../../../../arm-none-eabi/lib/thumb/v7e-m+fp/hard\libc_nano.a(lib_a-strtol.o)
 .text.strtol   0x000000001000ae84       0x14 e:/stm32cubeide_1.11.0/stm32cubeide/plugins/com.st.stm32cube.ide.mcu.externaltools.gnu-tools-for-stm32.10.3-2021.10.win32_1.0.100.202210260954/tools/bin/../lib/gcc/arm-none-eabi/10.3.1/../../../../arm-none-eabi/lib/thumb/v7e-m+fp/hard\libc_nano.a(lib_a-strtol.o)
                0x000000001000ae84                strtol
 .text.__swbuf_r
                0x000000001000ae98       0xa4 e:/stm32cubeide_1.11.0/stm32cubeide/plugins/com.st.stm32cube.ide.mcu.externaltools.gnu-tools-for-stm32.10.3-2021.10.win32_1.0.100.202210260954/tools/bin/../lib/gcc/arm-none-eabi/10.3.1/../../../../arm-none-eabi/lib/thumb/v7e-m+fp/hard\libc_nano.a(lib_a-wbuf.o)
                0x000000001000ae98                __swbuf_r
 .text.__swsetup_r
                0x000000001000af3c       0xdc e:/stm32cubeide_1.11.0/stm32cubeide/plugins/com.st.stm32cube.ide.mcu.externaltools.gnu-tools-for-stm32.10.3-2021.10.win32_1.0.100.202210260954/tools/bin/../lib/gcc/arm-none-eabi/10.3.1/../../../../arm-none-eabi/lib/thumb/v7e-m+fp/hard\libc_nano.a(lib_a-wsetup.o)
                0x000000001000af3c                __swsetup_r
 .text.abort    0x000000001000b018        0xe e:/stm32cubeide_1.11.0/stm32cubeide/plugins/com.st.stm32cube.ide.mcu.externaltools.gnu-tools-for-stm32.10.3-2021.10.win32_1.0.100.202210260954/tools/bin/../lib/gcc/arm-none-eabi/10.3.1/../../../../arm-none-eabi/lib/thumb/v7e-m+fp/hard\libc_nano.a(lib_a-abort.o)
                0x000000001000b018                abort
 *fill*         0x000000001000b026        0x2 
 .text.__sflush_r
                0x000000001000b028      0x10c e:/stm32cubeide_1.11.0/stm32cubeide/plugins/com.st.stm32cube.ide.mcu.externaltools.gnu-tools-for-stm32.10.3-2021.10.win32_1.0.100.202210260954/tools/bin/../lib/gcc/arm-none-eabi/10.3.1/../../../../arm-none-eabi/lib/thumb/v7e-m+fp/hard\libc_nano.a(lib_a-fflush.o)
                0x000000001000b028                __sflush_r
 .text._fflush_r
                0x000000001000b134       0x78 e:/stm32cubeide_1.11.0/stm32cubeide/plugins/com.st.stm32cube.ide.mcu.externaltools.gnu-tools-for-stm32.10.3-2021.10.win32_1.0.100.202210260954/tools/bin/../lib/gcc/arm-none-eabi/10.3.1/../../../../arm-none-eabi/lib/thumb/v7e-m+fp/hard\libc_nano.a(lib_a-fflush.o)
                0x000000001000b134                _fflush_r
 .text.std      0x000000001000b1ac       0x48 e:/stm32cubeide_1.11.0/stm32cubeide/plugins/com.st.stm32cube.ide.mcu.externaltools.gnu-tools-for-stm32.10.3-2021.10.win32_1.0.100.202210260954/tools/bin/../lib/gcc/arm-none-eabi/10.3.1/../../../../arm-none-eabi/lib/thumb/v7e-m+fp/hard\libc_nano.a(lib_a-findfp.o)
 .text._cleanup_r
                0x000000001000b1f4        0xc e:/stm32cubeide_1.11.0/stm32cubeide/plugins/com.st.stm32cube.ide.mcu.externaltools.gnu-tools-for-stm32.10.3-2021.10.win32_1.0.100.202210260954/tools/bin/../lib/gcc/arm-none-eabi/10.3.1/../../../../arm-none-eabi/lib/thumb/v7e-m+fp/hard\libc_nano.a(lib_a-findfp.o)
                0x000000001000b1f4                _cleanup_r
 .text.__sfmoreglue
                0x000000001000b200       0x2c e:/stm32cubeide_1.11.0/stm32cubeide/plugins/com.st.stm32cube.ide.mcu.externaltools.gnu-tools-for-stm32.10.3-2021.10.win32_1.0.100.202210260954/tools/bin/../lib/gcc/arm-none-eabi/10.3.1/../../../../arm-none-eabi/lib/thumb/v7e-m+fp/hard\libc_nano.a(lib_a-findfp.o)
                0x000000001000b200                __sfmoreglue
 .text.__sfp_lock_acquire
                0x000000001000b22c        0xc e:/stm32cubeide_1.11.0/stm32cubeide/plugins/com.st.stm32cube.ide.mcu.externaltools.gnu-tools-for-stm32.10.3-2021.10.win32_1.0.100.202210260954/tools/bin/../lib/gcc/arm-none-eabi/10.3.1/../../../../arm-none-eabi/lib/thumb/v7e-m+fp/hard\libc_nano.a(lib_a-findfp.o)
                0x000000001000b22c                __sfp_lock_acquire
 .text.__sfp_lock_release
                0x000000001000b238        0xc e:/stm32cubeide_1.11.0/stm32cubeide/plugins/com.st.stm32cube.ide.mcu.externaltools.gnu-tools-for-stm32.10.3-2021.10.win32_1.0.100.202210260954/tools/bin/../lib/gcc/arm-none-eabi/10.3.1/../../../../arm-none-eabi/lib/thumb/v7e-m+fp/hard\libc_nano.a(lib_a-findfp.o)
                0x000000001000b238                __sfp_lock_release
 .text.__sinit_lock_acquire
                0x000000001000b244        0xc e:/stm32cubeide_1.11.0/stm32cubeide/plugins/com.st.stm32cube.ide.mcu.externaltools.gnu-tools-for-stm32.10.3-2021.10.win32_1.0.100.202210260954/tools/bin/../lib/gcc/arm-none-eabi/10.3.1/../../../../arm-none-eabi/lib/thumb/v7e-m+fp/hard\libc_nano.a(lib_a-findfp.o)
                0x000000001000b244                __sinit_lock_acquire
 .text.__sinit_lock_release
                0x000000001000b250        0xc e:/stm32cubeide_1.11.0/stm32cubeide/plugins/com.st.stm32cube.ide.mcu.externaltools.gnu-tools-for-stm32.10.3-2021.10.win32_1.0.100.202210260954/tools/bin/../lib/gcc/arm-none-eabi/10.3.1/../../../../arm-none-eabi/lib/thumb/v7e-m+fp/hard\libc_nano.a(lib_a-findfp.o)
                0x000000001000b250                __sinit_lock_release
 .text.__sinit  0x000000001000b25c       0x70 e:/stm32cubeide_1.11.0/stm32cubeide/plugins/com.st.stm32cube.ide.mcu.externaltools.gnu-tools-for-stm32.10.3-2021.10.win32_1.0.100.202210260954/tools/bin/../lib/gcc/arm-none-eabi/10.3.1/../../../../arm-none-eabi/lib/thumb/v7e-m+fp/hard\libc_nano.a(lib_a-findfp.o)
                0x000000001000b25c                __sinit
 .text.__sfp    0x000000001000b2cc       0x8c e:/stm32cubeide_1.11.0/stm32cubeide/plugins/com.st.stm32cube.ide.mcu.externaltools.gnu-tools-for-stm32.10.3-2021.10.win32_1.0.100.202210260954/tools/bin/../lib/gcc/arm-none-eabi/10.3.1/../../../../arm-none-eabi/lib/thumb/v7e-m+fp/hard\libc_nano.a(lib_a-findfp.o)
                0x000000001000b2cc                __sfp
 .text._fwalk_reent
                0x000000001000b358       0x3e e:/stm32cubeide_1.11.0/stm32cubeide/plugins/com.st.stm32cube.ide.mcu.externaltools.gnu-tools-for-stm32.10.3-2021.10.win32_1.0.100.202210260954/tools/bin/../lib/gcc/arm-none-eabi/10.3.1/../../../../arm-none-eabi/lib/thumb/v7e-m+fp/hard\libc_nano.a(lib_a-fwalk.o)
                0x000000001000b358                _fwalk_reent
 .text.__retarget_lock_init_recursive
                0x000000001000b396        0x2 e:/stm32cubeide_1.11.0/stm32cubeide/plugins/com.st.stm32cube.ide.mcu.externaltools.gnu-tools-for-stm32.10.3-2021.10.win32_1.0.100.202210260954/tools/bin/../lib/gcc/arm-none-eabi/10.3.1/../../../../arm-none-eabi/lib/thumb/v7e-m+fp/hard\libc_nano.a(lib_a-lock.o)
                0x000000001000b396                __retarget_lock_init_recursive
 .text.__retarget_lock_acquire_recursive
                0x000000001000b398        0x2 e:/stm32cubeide_1.11.0/stm32cubeide/plugins/com.st.stm32cube.ide.mcu.externaltools.gnu-tools-for-stm32.10.3-2021.10.win32_1.0.100.202210260954/tools/bin/../lib/gcc/arm-none-eabi/10.3.1/../../../../arm-none-eabi/lib/thumb/v7e-m+fp/hard\libc_nano.a(lib_a-lock.o)
                0x000000001000b398                __retarget_lock_acquire_recursive
 .text.__retarget_lock_release_recursive
                0x000000001000b39a        0x2 e:/stm32cubeide_1.11.0/stm32cubeide/plugins/com.st.stm32cube.ide.mcu.externaltools.gnu-tools-for-stm32.10.3-2021.10.win32_1.0.100.202210260954/tools/bin/../lib/gcc/arm-none-eabi/10.3.1/../../../../arm-none-eabi/lib/thumb/v7e-m+fp/hard\libc_nano.a(lib_a-lock.o)
                0x000000001000b39a                __retarget_lock_release_recursive
 .text.__swhatbuf_r
                0x000000001000b39c       0x4a e:/stm32cubeide_1.11.0/stm32cubeide/plugins/com.st.stm32cube.ide.mcu.externaltools.gnu-tools-for-stm32.10.3-2021.10.win32_1.0.100.202210260954/tools/bin/../lib/gcc/arm-none-eabi/10.3.1/../../../../arm-none-eabi/lib/thumb/v7e-m+fp/hard\libc_nano.a(lib_a-makebuf.o)
                0x000000001000b39c                __swhatbuf_r
 *fill*         0x000000001000b3e6        0x2 
 .text.__smakebuf_r
                0x000000001000b3e8       0x80 e:/stm32cubeide_1.11.0/stm32cubeide/plugins/com.st.stm32cube.ide.mcu.externaltools.gnu-tools-for-stm32.10.3-2021.10.win32_1.0.100.202210260954/tools/bin/../lib/gcc/arm-none-eabi/10.3.1/../../../../arm-none-eabi/lib/thumb/v7e-m+fp/hard\libc_nano.a(lib_a-makebuf.o)
                0x000000001000b3e8                __smakebuf_r
 .text.memmove  0x000000001000b468       0x34 e:/stm32cubeide_1.11.0/stm32cubeide/plugins/com.st.stm32cube.ide.mcu.externaltools.gnu-tools-for-stm32.10.3-2021.10.win32_1.0.100.202210260954/tools/bin/../lib/gcc/arm-none-eabi/10.3.1/../../../../arm-none-eabi/lib/thumb/v7e-m+fp/hard\libc_nano.a(lib_a-memmove.o)
                0x000000001000b468                memmove
 .text.__malloc_lock
                0x000000001000b49c        0xc e:/stm32cubeide_1.11.0/stm32cubeide/plugins/com.st.stm32cube.ide.mcu.externaltools.gnu-tools-for-stm32.10.3-2021.10.win32_1.0.100.202210260954/tools/bin/../lib/gcc/arm-none-eabi/10.3.1/../../../../arm-none-eabi/lib/thumb/v7e-m+fp/hard\libc_nano.a(lib_a-mlock.o)
                0x000000001000b49c                __malloc_lock
 .text.__malloc_unlock
                0x000000001000b4a8        0xc e:/stm32cubeide_1.11.0/stm32cubeide/plugins/com.st.stm32cube.ide.mcu.externaltools.gnu-tools-for-stm32.10.3-2021.10.win32_1.0.100.202210260954/tools/bin/../lib/gcc/arm-none-eabi/10.3.1/../../../../arm-none-eabi/lib/thumb/v7e-m+fp/hard\libc_nano.a(lib_a-mlock.o)
                0x000000001000b4a8                __malloc_unlock
 .text._realloc_r
                0x000000001000b4b4       0x5e e:/stm32cubeide_1.11.0/stm32cubeide/plugins/com.st.stm32cube.ide.mcu.externaltools.gnu-tools-for-stm32.10.3-2021.10.win32_1.0.100.202210260954/tools/bin/../lib/gcc/arm-none-eabi/10.3.1/../../../../arm-none-eabi/lib/thumb/v7e-m+fp/hard\libc_nano.a(lib_a-nano-reallocr.o)
                0x000000001000b4b4                _realloc_r
 .text.__ssputs_r
                0x000000001000b512       0xb6 e:/stm32cubeide_1.11.0/stm32cubeide/plugins/com.st.stm32cube.ide.mcu.externaltools.gnu-tools-for-stm32.10.3-2021.10.win32_1.0.100.202210260954/tools/bin/../lib/gcc/arm-none-eabi/10.3.1/../../../../arm-none-eabi/lib/thumb/v7e-m+fp/hard\libc_nano.a(lib_a-nano-svfprintf.o)
                0x000000001000b512                __ssputs_r
 .text._svfprintf_r
                0x000000001000b5c8      0x200 e:/stm32cubeide_1.11.0/stm32cubeide/plugins/com.st.stm32cube.ide.mcu.externaltools.gnu-tools-for-stm32.10.3-2021.10.win32_1.0.100.202210260954/tools/bin/../lib/gcc/arm-none-eabi/10.3.1/../../../../arm-none-eabi/lib/thumb/v7e-m+fp/hard\libc_nano.a(lib_a-nano-svfprintf.o)
                0x000000001000b5c8                _svfiprintf_r
                0x000000001000b5c8                _svfprintf_r
 .text._raise_r
                0x000000001000b7c8       0x50 e:/stm32cubeide_1.11.0/stm32cubeide/plugins/com.st.stm32cube.ide.mcu.externaltools.gnu-tools-for-stm32.10.3-2021.10.win32_1.0.100.202210260954/tools/bin/../lib/gcc/arm-none-eabi/10.3.1/../../../../arm-none-eabi/lib/thumb/v7e-m+fp/hard\libc_nano.a(lib_a-signal.o)
                0x000000001000b7c8                _raise_r
 .text.raise    0x000000001000b818       0x10 e:/stm32cubeide_1.11.0/stm32cubeide/plugins/com.st.stm32cube.ide.mcu.externaltools.gnu-tools-for-stm32.10.3-2021.10.win32_1.0.100.202210260954/tools/bin/../lib/gcc/arm-none-eabi/10.3.1/../../../../arm-none-eabi/lib/thumb/v7e-m+fp/hard\libc_nano.a(lib_a-signal.o)
                0x000000001000b818                raise
 .text._kill_r  0x000000001000b828       0x24 e:/stm32cubeide_1.11.0/stm32cubeide/plugins/com.st.stm32cube.ide.mcu.externaltools.gnu-tools-for-stm32.10.3-2021.10.win32_1.0.100.202210260954/tools/bin/../lib/gcc/arm-none-eabi/10.3.1/../../../../arm-none-eabi/lib/thumb/v7e-m+fp/hard\libc_nano.a(lib_a-signalr.o)
                0x000000001000b828                _kill_r
 .text._getpid_r
                0x000000001000b84c        0x4 e:/stm32cubeide_1.11.0/stm32cubeide/plugins/com.st.stm32cube.ide.mcu.externaltools.gnu-tools-for-stm32.10.3-2021.10.win32_1.0.100.202210260954/tools/bin/../lib/gcc/arm-none-eabi/10.3.1/../../../../arm-none-eabi/lib/thumb/v7e-m+fp/hard\libc_nano.a(lib_a-signalr.o)
                0x000000001000b84c                _getpid_r
 .text.__sread  0x000000001000b850       0x22 e:/stm32cubeide_1.11.0/stm32cubeide/plugins/com.st.stm32cube.ide.mcu.externaltools.gnu-tools-for-stm32.10.3-2021.10.win32_1.0.100.202210260954/tools/bin/../lib/gcc/arm-none-eabi/10.3.1/../../../../arm-none-eabi/lib/thumb/v7e-m+fp/hard\libc_nano.a(lib_a-stdio.o)
                0x000000001000b850                __sread
 .text.__swrite
                0x000000001000b872       0x38 e:/stm32cubeide_1.11.0/stm32cubeide/plugins/com.st.stm32cube.ide.mcu.externaltools.gnu-tools-for-stm32.10.3-2021.10.win32_1.0.100.202210260954/tools/bin/../lib/gcc/arm-none-eabi/10.3.1/../../../../arm-none-eabi/lib/thumb/v7e-m+fp/hard\libc_nano.a(lib_a-stdio.o)
                0x000000001000b872                __swrite
 .text.__sseek  0x000000001000b8aa       0x24 e:/stm32cubeide_1.11.0/stm32cubeide/plugins/com.st.stm32cube.ide.mcu.externaltools.gnu-tools-for-stm32.10.3-2021.10.win32_1.0.100.202210260954/tools/bin/../lib/gcc/arm-none-eabi/10.3.1/../../../../arm-none-eabi/lib/thumb/v7e-m+fp/hard\libc_nano.a(lib_a-stdio.o)
                0x000000001000b8aa                __sseek
 .text.__sclose
                0x000000001000b8ce        0x8 e:/stm32cubeide_1.11.0/stm32cubeide/plugins/com.st.stm32cube.ide.mcu.externaltools.gnu-tools-for-stm32.10.3-2021.10.win32_1.0.100.202210260954/tools/bin/../lib/gcc/arm-none-eabi/10.3.1/../../../../arm-none-eabi/lib/thumb/v7e-m+fp/hard\libc_nano.a(lib_a-stdio.o)
                0x000000001000b8ce                __sclose
 *fill*         0x000000001000b8d6        0x2 
 .text._write_r
                0x000000001000b8d8       0x24 e:/stm32cubeide_1.11.0/stm32cubeide/plugins/com.st.stm32cube.ide.mcu.externaltools.gnu-tools-for-stm32.10.3-2021.10.win32_1.0.100.202210260954/tools/bin/../lib/gcc/arm-none-eabi/10.3.1/../../../../arm-none-eabi/lib/thumb/v7e-m+fp/hard\libc_nano.a(lib_a-writer.o)
                0x000000001000b8d8                _write_r
 .text._close_r
                0x000000001000b8fc       0x20 e:/stm32cubeide_1.11.0/stm32cubeide/plugins/com.st.stm32cube.ide.mcu.externaltools.gnu-tools-for-stm32.10.3-2021.10.win32_1.0.100.202210260954/tools/bin/../lib/gcc/arm-none-eabi/10.3.1/../../../../arm-none-eabi/lib/thumb/v7e-m+fp/hard\libc_nano.a(lib_a-closer.o)
                0x000000001000b8fc                _close_r
 .text._fstat_r
                0x000000001000b91c       0x24 e:/stm32cubeide_1.11.0/stm32cubeide/plugins/com.st.stm32cube.ide.mcu.externaltools.gnu-tools-for-stm32.10.3-2021.10.win32_1.0.100.202210260954/tools/bin/../lib/gcc/arm-none-eabi/10.3.1/../../../../arm-none-eabi/lib/thumb/v7e-m+fp/hard\libc_nano.a(lib_a-fstatr.o)
                0x000000001000b91c                _fstat_r
 .text._isatty_r
                0x000000001000b940       0x20 e:/stm32cubeide_1.11.0/stm32cubeide/plugins/com.st.stm32cube.ide.mcu.externaltools.gnu-tools-for-stm32.10.3-2021.10.win32_1.0.100.202210260954/tools/bin/../lib/gcc/arm-none-eabi/10.3.1/../../../../arm-none-eabi/lib/thumb/v7e-m+fp/hard\libc_nano.a(lib_a-isattyr.o)
                0x000000001000b940                _isatty_r
 .text._lseek_r
                0x000000001000b960       0x24 e:/stm32cubeide_1.11.0/stm32cubeide/plugins/com.st.stm32cube.ide.mcu.externaltools.gnu-tools-for-stm32.10.3-2021.10.win32_1.0.100.202210260954/tools/bin/../lib/gcc/arm-none-eabi/10.3.1/../../../../arm-none-eabi/lib/thumb/v7e-m+fp/hard\libc_nano.a(lib_a-lseekr.o)
                0x000000001000b960                _lseek_r
 .text._malloc_usable_size_r
                0x000000001000b984       0x10 e:/stm32cubeide_1.11.0/stm32cubeide/plugins/com.st.stm32cube.ide.mcu.externaltools.gnu-tools-for-stm32.10.3-2021.10.win32_1.0.100.202210260954/tools/bin/../lib/gcc/arm-none-eabi/10.3.1/../../../../arm-none-eabi/lib/thumb/v7e-m+fp/hard\libc_nano.a(lib_a-nano-msizer.o)
                0x000000001000b984                _malloc_usable_size_r
 .text._read_r  0x000000001000b994       0x24 e:/stm32cubeide_1.11.0/stm32cubeide/plugins/com.st.stm32cube.ide.mcu.externaltools.gnu-tools-for-stm32.10.3-2021.10.win32_1.0.100.202210260954/tools/bin/../lib/gcc/arm-none-eabi/10.3.1/../../../../arm-none-eabi/lib/thumb/v7e-m+fp/hard\libc_nano.a(lib_a-readr.o)
                0x000000001000b994                _read_r
 .text.round    0x000000001000b9b8       0x8c e:/stm32cubeide_1.11.0/stm32cubeide/plugins/com.st.stm32cube.ide.mcu.externaltools.gnu-tools-for-stm32.10.3-2021.10.win32_1.0.100.202210260954/tools/bin/../lib/gcc/arm-none-eabi/10.3.1/../../../../arm-none-eabi/lib/thumb/v7e-m+fp/hard\libm.a(lib_a-s_round.o)
                0x000000001000b9b8                round
 *(.glue_7)
 .glue_7        0x000000001000ba44        0x0 linker stubs
 *(.glue_7t)
 .glue_7t       0x000000001000ba44        0x0 linker stubs
 *(.eh_frame)
 .eh_frame      0x000000001000ba44        0x0 e:/stm32cubeide_1.11.0/stm32cubeide/plugins/com.st.stm32cube.ide.mcu.externaltools.gnu-tools-for-stm32.10.3-2021.10.win32_1.0.100.202210260954/tools/bin/../lib/gcc/arm-none-eabi/10.3.1/thumb/v7e-m+fp/hard/crtbegin.o
 *(.init)
 .init          0x000000001000ba44        0x4 e:/stm32cubeide_1.11.0/stm32cubeide/plugins/com.st.stm32cube.ide.mcu.externaltools.gnu-tools-for-stm32.10.3-2021.10.win32_1.0.100.202210260954/tools/bin/../lib/gcc/arm-none-eabi/10.3.1/thumb/v7e-m+fp/hard/crti.o
                0x000000001000ba44                _init
 .init          0x000000001000ba48        0x8 e:/stm32cubeide_1.11.0/stm32cubeide/plugins/com.st.stm32cube.ide.mcu.externaltools.gnu-tools-for-stm32.10.3-2021.10.win32_1.0.100.202210260954/tools/bin/../lib/gcc/arm-none-eabi/10.3.1/thumb/v7e-m+fp/hard/crtn.o
 *(.fini)
 .fini          0x000000001000ba50        0x4 e:/stm32cubeide_1.11.0/stm32cubeide/plugins/com.st.stm32cube.ide.mcu.externaltools.gnu-tools-for-stm32.10.3-2021.10.win32_1.0.100.202210260954/tools/bin/../lib/gcc/arm-none-eabi/10.3.1/thumb/v7e-m+fp/hard/crti.o
                0x000000001000ba50                _fini
 .fini          0x000000001000ba54        0x8 e:/stm32cubeide_1.11.0/stm32cubeide/plugins/com.st.stm32cube.ide.mcu.externaltools.gnu-tools-for-stm32.10.3-2021.10.win32_1.0.100.202210260954/tools/bin/../lib/gcc/arm-none-eabi/10.3.1/thumb/v7e-m+fp/hard/crtn.o
                0x000000001000ba5c                . = ALIGN (0x4)
                0x000000001000ba5c                _etext = .

.vfp11_veneer   0x000000001000ba5c        0x0
 .vfp11_veneer  0x000000001000ba5c        0x0 linker stubs

.v4_bx          0x000000001000ba5c        0x0
 .v4_bx         0x000000001000ba5c        0x0 linker stubs

.iplt           0x000000001000ba5c        0x0
 .iplt          0x000000001000ba5c        0x0 e:/stm32cubeide_1.11.0/stm32cubeide/plugins/com.st.stm32cube.ide.mcu.externaltools.gnu-tools-for-stm32.10.3-2021.10.win32_1.0.100.202210260954/tools/bin/../lib/gcc/arm-none-eabi/10.3.1/thumb/v7e-m+fp/hard/crtbegin.o

.startup_copro_fw.Reset_Handler
                0x000000001000ba5c       0x50
 .startup_copro_fw.Reset_Handler
                0x000000001000ba5c       0x50 ./Core/Startup/startup_stm32mp157dacx.o
                0x000000001000ba5c                Reset_Handler

.rodata         0x000000001000baac      0x4fc
                0x000000001000baac                . = ALIGN (0x4)
 *(.rodata)
 .rodata        0x000000001000baac       0x11 ./Core/Src/main.o
 *fill*         0x000000001000babd        0x3 
 .rodata        0x000000001000bac0       0xa0 ./Middlewares/Third_Party/OpenAMP/device.o
 .rodata        0x000000001000bb60       0xd1 ./Middlewares/Third_Party/OpenAMP/remoteproc_virtio.o
 *fill*         0x000000001000bc31        0x3 
 .rodata        0x000000001000bc34        0x1 ./Middlewares/Third_Party/OpenAMP/rpmsg.o
 *fill*         0x000000001000bc35        0x3 
 .rodata        0x000000001000bc38       0xbb ./Middlewares/Third_Party/OpenAMP/rpmsg_virtio.o
 *fill*         0x000000001000bcf3        0x1 
 .rodata        0x000000001000bcf4        0xa ./Middlewares/Third_Party/OpenAMP/virt_uart.o
 *fill*         0x000000001000bcfe        0x2 
 .rodata        0x000000001000bd00       0x1c ./OPENAMP/openamp.o
 *(.rodata*)
 .rodata.remoteproc_virtio_dispatch_funcs